<html>
<body>
<pre>
<h1>µVision Build Log</h1>
<h2>Tool Versions:</h2>
IDE-Version: ¦ÌVision V5.21.1.0
Copyright (C) 2016 ARM Ltd and ARM Germany GmbH. All rights reserved.
License Information: zpp zpp, zpp, LIC=----
 
Tool Versions:
Toolchain:       MDK-Lite  Version: 5.21a
Toolchain Path:  C:\Keil_v5\ARM\ARMCC\Bin
C Compiler:      Armcc.exe V5.06 update 3 (build 300)
Assembler:       Armasm.exe V5.06 update 3 (build 300)
Linker/Locator:  ArmLink.exe V5.06 update 3 (build 300)
Library Manager: ArmAr.exe V5.06 update 3 (build 300)
Hex Converter:   FromElf.exe V5.06 update 3 (build 300)
CPU DLL:         SARMCM3.DLL V5.21a
Dialog DLL:      DCM.DLL V1.13.8.0
Target DLL:      STLink\ST-LINKIII-KEIL_SWO.dll V2.0.18.0
Dialog DLL:      TCM.DLL V1.14.14.0
 
<h2>Project:</h2>
c:\Users\Administrator\Desktop\STM32F7\self-build-project\PWM\USER\PWM.uvprojx
Project File Date:  09/10/2016

<h2>Output:</h2>
*** Using Compiler 'V5.06 update 3 (build 300)', folder: 'C:\Keil_v5\ARM\ARMCC\Bin'
Build target 'PWM'
assembling startup_stm32f767xx.s...
compiling system_stm32f7xx.c...
compiling stm32f7xx_hal_dma_ex.c...
compiling stm32f7xx_hal_pwr.c...
compiling stm32f7xx_it.c...
compiling stm32f7xx_hal_uart.c...
compiling stm32f7xx_hal_usart.c...
compiling stm32f7xx_hal_cortex.c...
compiling stm32f7xx_hal_rcc.c...
compiling stm32f7xx_hal_dma.c...
compiling main.c...
compiling stm32f7xx_hal.c...
compiling stm32f7xx_hal_gpio.c...
compiling stm32f7xx_hal_pwr_ex.c...
compiling stm32f7xx_hal_tim.c...
compiling stm32f7xx_hal_rcc_ex.c...
compiling sys.c...
compiling key.c...
compiling led.c...
compiling usart.c...
compiling delay.c...
compiling timer.c...
compiling stm32f7xx_hal_tim_ex.c...
linking...
Program Size: Code=7482 RO-data=562 RW-data=16 ZI-data=2032  
FromELF: creating hex file...
"..\OBJ\PWM.axf" - 0 Error(s), 0 Warning(s).

<h2>Collection of Component include folders:</h2>
  c:\Users\Administrator\Desktop\STM32F7\self-build-project\PWM\USER\RTE
  C:\Keil_v5\ARM\PACK\Keil\STM32F7xx_DFP\2.12.0\Drivers\CMSIS\Device\ST\STM32F7xx\Include

<h2>Collection of Component Files used:</h2>
Build Time Elapsed:  00:00:06
</pre>
</body>
</html>
