Component: ARM Compiler 5.05 update 1 (build 106) Tool: armlink [4d0efa]

==============================================================================

Section Cross References

    main.o(i.Load_Drow_Dialog) refers to lcd.o(i.LCD_Clear) for LCD_Clear
    main.o(i.Load_Drow_Dialog) refers to lcd.o(i.LCD_ShowString) for LCD_ShowString
    main.o(i.Load_Drow_Dialog) refers to lcd.o(.data) for POINT_COLOR
    main.o(i.Load_Drow_Dialog) refers to main.o(.bss) for lcd_id
    main.o(i.ctp_test) refers to main.o(i.lcd_draw_bline) for lcd_draw_bline
    main.o(i.ctp_test) refers to main.o(i.Load_Drow_Dialog) for Load_Drow_Dialog
    main.o(i.ctp_test) refers to stm32f7xx_hal_tim.o(i.HAL_TIM_PWM_Stop) for HAL_TIM_PWM_Stop
    main.o(i.ctp_test) refers to stm32f7xx_hal_gpio.o(i.HAL_GPIO_WritePin) for HAL_GPIO_WritePin
    main.o(i.ctp_test) refers to stm32f7xx_hal_tim.o(i.HAL_TIM_PWM_Start) for HAL_TIM_PWM_Start
    main.o(i.ctp_test) refers to delay.o(i.delay_ms) for delay_ms
    main.o(i.ctp_test) refers to lcd.o(.bss) for lcddev
    main.o(i.ctp_test) refers to touch.o(.data) for tp_dev
    main.o(i.ctp_test) refers to main.o(.constdata) for POINT_COLOR_TBL
    main.o(i.ctp_test) refers to timer.o(.bss) for TIM3_Handler
    main.o(i.gui_draw_hline) refers to lcd.o(i.LCD_Fill) for LCD_Fill
    main.o(i.gui_fill_circle) refers to main.o(i.gui_draw_hline) for gui_draw_hline
    main.o(i.lcd_draw_bline) refers to main.o(i.gui_fill_circle) for gui_fill_circle
    main.o(i.main) refers to _printf_pad.o(.text) for _printf_pre_padding
    main.o(i.main) refers to _printf_percent.o(.ARM.Collect$$_printf_percent$$00000000) for _printf_percent
    main.o(i.main) refers to _printf_x.o(.ARM.Collect$$_printf_percent$$0000000C) for _printf_x
    main.o(i.main) refers to _printf_hex_int.o(.text) for _printf_longlong_hex
    main.o(i.main) refers to sys.o(i.Cache_Enable) for Cache_Enable
    main.o(i.main) refers to stm32f7xx_hal.o(i.HAL_Init) for HAL_Init
    main.o(i.main) refers to sys.o(i.Stm32_Clock_Init) for Stm32_Clock_Init
    main.o(i.main) refers to delay.o(i.delay_init) for delay_init
    main.o(i.main) refers to usart.o(i.uart_init) for uart_init
    main.o(i.main) refers to led.o(i.LED_Init) for LED_Init
    main.o(i.main) refers to timer.o(i.TIM3_PWM_Init) for TIM3_PWM_Init
    main.o(i.main) refers to key.o(i.KEY_Init) for KEY_Init
    main.o(i.main) refers to sdram.o(i.SDRAM_Init) for SDRAM_Init
    main.o(i.main) refers to lcd.o(i.LCD_Init) for LCD_Init
    main.o(i.main) refers to noretval__2sprintf.o(.text) for __2sprintf
    main.o(i.main) refers to lcd.o(i.LCD_ShowString) for LCD_ShowString
    main.o(i.main) refers to delay.o(i.delay_ms) for delay_ms
    main.o(i.main) refers to main.o(i.Load_Drow_Dialog) for Load_Drow_Dialog
    main.o(i.main) refers to main.o(i.ctp_test) for ctp_test
    main.o(i.main) refers to main.o(i.rtp_test) for rtp_test
    main.o(i.main) refers to touch.o(.data) for tp_dev
    main.o(i.main) refers to lcd.o(.data) for POINT_COLOR
    main.o(i.main) refers to lcd.o(.bss) for lcddev
    main.o(i.main) refers to main.o(.bss) for lcd_id
    main.o(i.rtp_test) refers to key.o(i.KEY_Scan) for KEY_Scan
    main.o(i.rtp_test) refers to main.o(i.Load_Drow_Dialog) for Load_Drow_Dialog
    main.o(i.rtp_test) refers to touch.o(i.TP_Draw_Big_Point) for TP_Draw_Big_Point
    main.o(i.rtp_test) refers to delay.o(i.delay_ms) for delay_ms
    main.o(i.rtp_test) refers to lcd.o(i.LCD_Clear) for LCD_Clear
    main.o(i.rtp_test) refers to touch.o(i.TP_Adjust) for TP_Adjust
    main.o(i.rtp_test) refers to touch.o(i.TP_Save_Adjdata) for TP_Save_Adjdata
    main.o(i.rtp_test) refers to stm32f7xx_hal_gpio.o(i.HAL_GPIO_TogglePin) for HAL_GPIO_TogglePin
    main.o(i.rtp_test) refers to touch.o(.data) for tp_dev
    main.o(i.rtp_test) refers to lcd.o(.bss) for lcddev
    stm32f7xx_it.o(i.SysTick_Handler) refers to stm32f7xx_hal.o(i.HAL_IncTick) for HAL_IncTick
    system_stm32f7xx.o(i.SystemCoreClockUpdate) refers to system_stm32f7xx.o(.data) for SystemCoreClock
    system_stm32f7xx.o(i.SystemCoreClockUpdate) refers to system_stm32f7xx.o(.constdata) for AHBPrescTable
    startup_stm32f767xx.o(STACK) refers (Special) to heapauxi.o(.text) for __use_two_region_memory
    startup_stm32f767xx.o(HEAP) refers (Special) to heapauxi.o(.text) for __use_two_region_memory
    startup_stm32f767xx.o(RESET) refers (Special) to heapauxi.o(.text) for __use_two_region_memory
    startup_stm32f767xx.o(RESET) refers to startup_stm32f767xx.o(STACK) for __initial_sp
    startup_stm32f767xx.o(RESET) refers to startup_stm32f767xx.o(.text) for Reset_Handler
    startup_stm32f767xx.o(RESET) refers to stm32f7xx_it.o(i.NMI_Handler) for NMI_Handler
    startup_stm32f767xx.o(RESET) refers to stm32f7xx_it.o(i.HardFault_Handler) for HardFault_Handler
    startup_stm32f767xx.o(RESET) refers to stm32f7xx_it.o(i.BusFault_Handler) for BusFault_Handler
[...]
    .data                                    0x20020024   Section        7  ft5206.o(.data)
    t                                        0x2002002a   Data           1  ft5206.o(.data)
    .data                                    0x2002002b   Section        1  gt9147.o(.data)
    t                                        0x2002002b   Data           1  gt9147.o(.data)
    .data                                    0x2002002c   Section        1  gt9271.o(.data)
    t                                        0x2002002c   Data           1  gt9271.o(.data)
    .data                                    0x2002002d   Section        1  ott2001a.o(.data)
    t                                        0x2002002d   Data           1  ott2001a.o(.data)
    .data                                    0x20020030   Section       74  touch.o(.data)
    .bss                                     0x2002007c   Section       12  main.o(.bss)
    .bss                                     0x20020088   Section      312  usart.o(.bss)
    .bss                                     0x200201c0   Section       52  sdram.o(.bss)
    .bss                                     0x200201f4   Section       90  lcd.o(.bss)
    .bss                                     0x20020250   Section      288  ltdc.o(.bss)
    .bss                                     0x20020370   Section       88  timer.o(.bss)
    .bss                                     0x200203c8   Section       96  libspace.o(.bss)
    HEAP                                     0x20020428   Section      512  startup_stm32f767xx.o(HEAP)
    Heap_Mem                                 0x20020428   Data         512  startup_stm32f767xx.o(HEAP)
    STACK                                    0x20020628   Section     1024  startup_stm32f767xx.o(STACK)
    Stack_Mem                                0x20020628   Data        1024  startup_stm32f767xx.o(STACK)
    __initial_sp                             0x20020a28   Data           0  startup_stm32f767xx.o(STACK)
    .ARM.__AT_0xC0000000                     0xc0000000   Section    2048000  ltdc.o(.ARM.__AT_0xC0000000)

    Global Symbols

    Symbol Name                              Value     Ov Type        Size  Object(Section)

    BuildAttributes$$THM_ISAv4$E$P$D$K$B$S$7EM$VFPv5_D16$PE$PLD8$A:L22UL41UL21$X:L11$S22US41US21$IEEE1$IW$USESV6$~STKCKD$USESV7$~SHL$OTIME$ROPI$IEEEJ$EBA8$UX$STANDARDLIB$REQ8$PRES8$EABIv2 0x00000000   Number         0  anon$$obj.o ABSOLUTE
    __ARM_use_no_argv                        0x00000000   Number         0  main.o ABSOLUTE
    _printf_flags                            0x00000000   Number         0  printf_stubs.o ABSOLUTE
    _printf_return_value                     0x00000000   Number         0  printf_stubs.o ABSOLUTE
    _printf_sizespec                         0x00000000   Number         0  printf_stubs.o ABSOLUTE
    _printf_widthprec                        0x00000000   Number         0  printf_stubs.o ABSOLUTE
    __ARM_exceptions_init                     - Undefined Weak Reference
    __alloca_initialize                       - Undefined Weak Reference
    __arm_preinit_                            - Undefined Weak Reference
    __cpp_initialize__aeabi_                  - Undefined Weak Reference
    __cxa_finalize                            - Undefined Weak Reference
    __rt_locale                               - Undefined Weak Reference
    __sigvec_lookup                           - Undefined Weak Reference
    _atexit_init                              - Undefined Weak Reference
    _call_atexit_fns                          - Undefined Weak Reference
    _clock_init                               - Undefined Weak Reference
    _fp_trap_init                             - Undefined Weak Reference
    _fp_trap_shutdown                         - Undefined Weak Reference
    _get_lc_collate                           - Undefined Weak Reference
    _get_lc_ctype                             - Undefined Weak Reference
    _get_lc_monetary                          - Undefined Weak Reference
    _get_lc_numeric                           - Undefined Weak Reference
    _get_lc_time                              - Undefined Weak Reference
    _getenv_init                              - Undefined Weak Reference
    _handle_redirection                       - Undefined Weak Reference
    _init_alloc                               - Undefined Weak Reference
    _init_user_alloc                          - Undefined Weak Reference
    _initio                                   - Undefined Weak Reference
    _mutex_acquire                            - Undefined Weak Reference
    _mutex_release                            - Undefined Weak Reference
    _printf_mbtowc                            - Undefined Weak Reference
    _printf_truncate_signed                   - Undefined Weak Reference
    _printf_truncate_unsigned                 - Undefined Weak Reference
    _rand_init                                - Undefined Weak Reference
    _signal_finish                            - Undefined Weak Reference
    _signal_init                              - Undefined Weak Reference
    _terminate_alloc                          - Undefined Weak Reference
    _terminate_user_alloc                     - Undefined Weak Reference
    _terminateio                              - Undefined Weak Reference
    __Vectors_Size                           0x000001f8   Number         0  startup_stm32f767xx.o ABSOLUTE
    __Vectors                                0x08000000   Data           4  startup_stm32f767xx.o(RESET)
    __Vectors_End                            0x080001f8   Data           0  startup_stm32f767xx.o(RESET)
    __main                                   0x080001f9   Thumb Code     8  __main.o(!!!main)
    __scatterload                            0x08000201   Thumb Code     0  __scatter.o(!!!scatter)
    __scatterload_rt2                        0x08000201   Thumb Code    44  __scatter.o(!!!scatter)
    __scatterload_rt2_thumb_only             0x08000201   Thumb Code     0  __scatter.o(!!!scatter)
    __scatterload_null                       0x0800020f   Thumb Code     0  __scatter.o(!!!scatter)
    __scatterload_copy                       0x08000235   Thumb Code    26  __scatter_copy.o(!!handler_copy)
    __scatterload_zeroinit                   0x08000251   Thumb Code    28  __scatter_zi.o(!!handler_zi)
    _printf_d                                0x0800026d   Thumb Code     0  _printf_d.o(.ARM.Collect$$_printf_percent$$00000009)
    _printf_percent                          0x0800026d   Thumb Code     0  _printf_percent.o(.ARM.Collect$$_printf_percent$$00000000)
    _printf_x                                0x08000273   Thumb Code     0  _printf_x.o(.ARM.Collect$$_printf_percent$$0000000C)
    _printf_s                                0x08000279   Thumb Code     0  _printf_s.o(.ARM.Collect$$_printf_percent$$00000014)
    _printf_percent_end                      0x0800027f   Thumb Code     0  _printf_percent_end.o(.ARM.Collect$$_printf_percent$$00000017)
    __rt_lib_init                            0x08000283   Thumb Code     0  libinit.o(.ARM.Collect$$libinit$$00000000)
    __rt_lib_init_fp_1                       0x08000285   Thumb Code     0  libinit2.o(.ARM.Collect$$libinit$$00000001)
    __rt_lib_init_alloca_1                   0x08000289   Thumb Code     0  libinit2.o(.ARM.Collect$$libinit$$0000002E)
    __rt_lib_init_argv_1                     0x08000289   Thumb Code     0  libinit2.o(.ARM.Collect$$libinit$$0000002C)
    __rt_lib_init_atexit_1                   0x08000289   Thumb Code     0  libinit2.o(.ARM.Collect$$libinit$$0000001B)
    __rt_lib_init_clock_1                    0x08000289   Thumb Code     0  libinit2.o(.ARM.Collect$$libinit$$00000021)
    __rt_lib_init_cpp_1                      0x08000289   Thumb Code     0  libinit2.o(.ARM.Collect$$libinit$$00000032)
    __rt_lib_init_exceptions_1               0x08000289   Thumb Code     0  libinit2.o(.ARM.Collect$$libinit$$00000030)
    __rt_lib_init_fp_trap_1                  0x08000289   Thumb Code     0  libinit2.o(.ARM.Collect$$libinit$$0000001F)
    __rt_lib_init_getenv_1                   0x08000289   Thumb Code     0  libinit2.o(.ARM.Collect$$libinit$$00000023)
    __rt_lib_init_heap_1                     0x08000289   Thumb Code     0  libinit2.o(.ARM.Collect$$libinit$$0000000A)
    __rt_lib_init_lc_collate_1               0x08000289   Thumb Code     0  libinit2.o(.ARM.Collect$$libinit$$00000011)
    __rt_lib_init_lc_ctype_1                 0x08000289   Thumb Code     0  libinit2.o(.ARM.Collect$$libinit$$00000013)
    __rt_lib_init_lc_monetary_1              0x08000289   Thumb Code     0  libinit2.o(.ARM.Collect$$libinit$$00000015)
    __rt_lib_init_lc_numeric_1               0x08000289   Thumb Code     0  libinit2.o(.ARM.Collect$$libinit$$00000017)
    __rt_lib_init_lc_time_1                  0x08000289   Thumb Code     0  libinit2.o(.ARM.Collect$$libinit$$00000019)
    __rt_lib_init_preinit_1                  0x08000289   Thumb Code     0  libinit2.o(.ARM.Collect$$libinit$$00000004)
    __rt_lib_init_rand_1                     0x08000289   Thumb Code     0  libinit2.o(.ARM.Collect$$libinit$$0000000E)
    __rt_lib_init_return                     0x08000289   Thumb Code     0  libinit2.o(.ARM.Collect$$libinit$$00000033)
    __rt_lib_init_signal_1                   0x08000289   Thumb Code     0  libinit2.o(.ARM.Collect$$libinit$$0000001D)
    __rt_lib_init_stdio_1                    0x08000289   Thumb Code     0  libinit2.o(.ARM.Collect$$libinit$$00000025)
    __rt_lib_init_user_alloc_1               0x08000289   Thumb Code     0  libinit2.o(.ARM.Collect$$libinit$$0000000C)
    __rt_lib_shutdown                        0x0800028b   Thumb Code     0  libshutdown.o(.ARM.Collect$$libshutdown$$00000000)
    __rt_lib_shutdown_fp_trap_1              0x0800028d   Thumb Code     0  libshutdown2.o(.ARM.Collect$$libshutdown$$00000006)
    __rt_lib_shutdown_heap_1                 0x0800028d   Thumb Code     0  libshutdown2.o(.ARM.Collect$$libshutdown$$0000000E)
    __rt_lib_shutdown_return                 0x0800028d   Thumb Code     0  libshutdown2.o(.ARM.Collect$$libshutdown$$0000000F)
    __rt_lib_shutdown_signal_1               0x0800028d   Thumb Code     0  libshutdown2.o(.ARM.Collect$$libshutdown$$00000009)
    __rt_lib_shutdown_stdio_1                0x0800028d   Thumb Code     0  libshutdown2.o(.ARM.Collect$$libshutdown$$00000003)
    __rt_lib_shutdown_user_alloc_1           0x0800028d   Thumb Code     0  libshutdown2.o(.ARM.Collect$$libshutdown$$0000000B)
    __rt_entry                               0x0800028f   Thumb Code     0  __rtentry.o(.ARM.Collect$$rtentry$$00000000)
    __rt_entry_presh_1                       0x0800028f   Thumb Code     0  __rtentry2.o(.ARM.Collect$$rtentry$$00000002)
    __rt_entry_sh                            0x0800028f   Thumb Code     0  __rtentry4.o(.ARM.Collect$$rtentry$$00000004)
    __rt_entry_li                            0x08000295   Thumb Code     0  __rtentry2.o(.ARM.Collect$$rtentry$$0000000A)
    __rt_entry_postsh_1                      0x08000295   Thumb Code     0  __rtentry2.o(.ARM.Collect$$rtentry$$00000009)
    __rt_entry_main                          0x08000299   Thumb Code     0  __rtentry2.o(.ARM.Collect$$rtentry$$0000000D)
    __rt_entry_postli_1                      0x08000299   Thumb Code     0  __rtentry2.o(.ARM.Collect$$rtentry$$0000000C)
    __rt_exit                                0x080002a1   Thumb Code     0  rtexit.o(.ARM.Collect$$rtexit$$00000000)
    __rt_exit_ls                             0x080002a3   Thumb Code     0  rtexit2.o(.ARM.Collect$$rtexit$$00000003)
    __rt_exit_prels_1                        0x080002a3   Thumb Code     0  rtexit2.o(.ARM.Collect$$rtexit$$00000002)
    __rt_exit_exit                           0x080002a7   Thumb Code     0  rtexit2.o(.ARM.Collect$$rtexit$$00000004)
    Reset_Handler                            0x080002ad   Thumb Code     8  startup_stm32f767xx.o(.text)
    MemManage_Handler                        0x080002b9   Thumb Code     2  startup_stm32f767xx.o(.text)
    ADC_IRQHandler                           0x080002c7   Thumb Code     0  startup_stm32f767xx.o(.text)
    CAN1_RX0_IRQHandler                      0x080002c7   Thumb Code     0  startup_stm32f767xx.o(.text)
    CAN1_RX1_IRQHandler                      0x080002c7   Thumb Code     0  startup_stm32f767xx.o(.text)
    CAN1_SCE_IRQHandler                      0x080002c7   Thumb Code     0  startup_stm32f767xx.o(.text)
    CAN1_TX_IRQHandler                       0x080002c7   Thumb Code     0  startup_stm32f767xx.o(.text)
    CAN2_RX0_IRQHandler                      0x080002c7   Thumb Code     0  startup_stm32f767xx.o(.text)
    CAN2_RX1_IRQHandler                      0x080002c7   Thumb Code     0  startup_stm32f767xx.o(.text)
    CAN2_SCE_IRQHandler                      0x080002c7   Thumb Code     0  startup_stm32f767xx.o(.text)
    CAN2_TX_IRQHandler                       0x080002c7   Thumb Code     0  startup_stm32f767xx.o(.text)
    CAN3_RX0_IRQHandler                      0x080002c7   Thumb Code     0  startup_stm32f767xx.o(.text)
    CAN3_RX1_IRQHandler                      0x080002c7   Thumb Code     0  startup_stm32f767xx.o(.text)
    CAN3_SCE_IRQHandler                      0x080002c7   Thumb Code     0  startup_stm32f767xx.o(.text)
    CAN3_TX_IRQHandler                       0x080002c7   Thumb Code     0  startup_stm32f767xx.o(.text)
    CEC_IRQHandler                           0x080002c7   Thumb Code     0  startup_stm32f767xx.o(.text)
    DCMI_IRQHandler                          0x080002c7   Thumb Code     0  startup_stm32f767xx.o(.text)
    DFSDM1_FLT0_IRQHandler                   0x080002c7   Thumb Code     0  startup_stm32f767xx.o(.text)
    DFSDM1_FLT1_IRQHandler                   0x080002c7   Thumb Code     0  startup_stm32f767xx.o(.text)
    DFSDM1_FLT2_IRQHandler                   0x080002c7   Thumb Code     0  startup_stm32f767xx.o(.text)
    DFSDM1_FLT3_IRQHandler                   0x080002c7   Thumb Code     0  startup_stm32f767xx.o(.text)
    DMA1_Stream0_IRQHandler                  0x080002c7   Thumb Code     0  startup_stm32f767xx.o(.text)
    DMA1_Stream1_IRQHandler                  0x080002c7   Thumb Code     0  startup_stm32f767xx.o(.text)
    DMA1_Stream2_IRQHandler                  0x080002c7   Thumb Code     0  startup_stm32f767xx.o(.text)
    DMA1_Stream3_IRQHandler                  0x080002c7   Thumb Code     0  startup_stm32f767xx.o(.text)
    DMA1_Stream4_IRQHandler                  0x080002c7   Thumb Code     0  startup_stm32f767xx.o(.text)
    DMA1_Stream5_IRQHandler                  0x080002c7   Thumb Code     0  startup_stm32f767xx.o(.text)
    DMA1_Stream6_IRQHandler                  0x080002c7   Thumb Code     0  startup_stm32f767xx.o(.text)
    DMA1_Stream7_IRQHandler                  0x080002c7   Thumb Code     0  startup_stm32f767xx.o(.text)
    DMA2D_IRQHandler                         0x080002c7   Thumb Code     0  startup_stm32f767xx.o(.text)
    DMA2_Stream0_IRQHandler                  0x080002c7   Thumb Code     0  startup_stm32f767xx.o(.text)
    DMA2_Stream1_IRQHandler                  0x080002c7   Thumb Code     0  startup_stm32f767xx.o(.text)
    DMA2_Stream2_IRQHandler                  0x080002c7   Thumb Code     0  startup_stm32f767xx.o(.text)
    DMA2_Stream3_IRQHandler                  0x080002c7   Thumb Code     0  startup_stm32f767xx.o(.text)
    DMA2_Stream4_IRQHandler                  0x080002c7   Thumb Code     0  startup_stm32f767xx.o(.text)
    DMA2_Stream5_IRQHandler                  0x080002c7   Thumb Code     0  startup_stm32f767xx.o(.text)
    DMA2_Stream6_IRQHandler                  0x080002c7   Thumb Code     0  startup_stm32f767xx.o(.text)
    DMA2_Stream7_IRQHandler                  0x080002c7   Thumb Code     0  startup_stm32f767xx.o(.text)
    ETH_IRQHandler                           0x080002c7   Thumb Code     0  startup_stm32f767xx.o(.text)
    ETH_WKUP_IRQHandler                      0x080002c7   Thumb Code     0  startup_stm32f767xx.o(.text)
    EXTI0_IRQHandler                         0x080002c7   Thumb Code     0  startup_stm32f767xx.o(.text)
    EXTI15_10_IRQHandler                     0x080002c7   Thumb Code     0  startup_stm32f767xx.o(.text)
    EXTI1_IRQHandler                         0x080002c7   Thumb Code     0  startup_stm32f767xx.o(.text)
    EXTI2_IRQHandler                         0x080002c7   Thumb Code     0  startup_stm32f767xx.o(.text)
    EXTI3_IRQHandler                         0x080002c7   Thumb Code     0  startup_stm32f767xx.o(.text)
    EXTI4_IRQHandler                         0x080002c7   Thumb Code     0  startup_stm32f767xx.o(.text)
    EXTI9_5_IRQHandler                       0x080002c7   Thumb Code     0  startup_stm32f767xx.o(.text)
    FLASH_IRQHandler                         0x080002c7   Thumb Code     0  startup_stm32f767xx.o(.text)
    FMC_IRQHandler                           0x080002c7   Thumb Code     0  startup_stm32f767xx.o(.text)
    FPU_IRQHandler                           0x080002c7   Thumb Code     0  startup_stm32f767xx.o(.text)
    I2C1_ER_IRQHandler                       0x080002c7   Thumb Code     0  startup_stm32f767xx.o(.text)
    I2C1_EV_IRQHandler                       0x080002c7   Thumb Code     0  startup_stm32f767xx.o(.text)
    I2C2_ER_IRQHandler                       0x080002c7   Thumb Code     0  startup_stm32f767xx.o(.text)
    I2C2_EV_IRQHandler                       0x080002c7   Thumb Code     0  startup_stm32f767xx.o(.text)
    I2C3_ER_IRQHandler                       0x080002c7   Thumb Code     0  startup_stm32f767xx.o(.text)
    I2C3_EV_IRQHandler                       0x080002c7   Thumb Code     0  startup_stm32f767xx.o(.text)
    I2C4_ER_IRQHandler                       0x080002c7   Thumb Code     0  startup_stm32f767xx.o(.text)
    I2C4_EV_IRQHandler                       0x080002c7   Thumb Code     0  startup_stm32f767xx.o(.text)
    JPEG_IRQHandler                          0x080002c7   Thumb Code     0  startup_stm32f767xx.o(.text)
    LPTIM1_IRQHandler                        0x080002c7   Thumb Code     0  startup_stm32f767xx.o(.text)
    LTDC_ER_IRQHandler                       0x080002c7   Thumb Code     0  startup_stm32f767xx.o(.text)
    LTDC_IRQHandler                          0x080002c7   Thumb Code     0  startup_stm32f767xx.o(.text)
    MDIOS_IRQHandler                         0x080002c7   Thumb Code     0  startup_stm32f767xx.o(.text)
    OTG_FS_IRQHandler                        0x080002c7   Thumb Code     0  startup_stm32f767xx.o(.text)
    OTG_FS_WKUP_IRQHandler                   0x080002c7   Thumb Code     0  startup_stm32f767xx.o(.text)
    OTG_HS_EP1_IN_IRQHandler                 0x080002c7   Thumb Code     0  startup_stm32f767xx.o(.text)
    OTG_HS_EP1_OUT_IRQHandler                0x080002c7   Thumb Code     0  startup_stm32f767xx.o(.text)
    OTG_HS_IRQHandler                        0x080002c7   Thumb Code     0  startup_stm32f767xx.o(.text)
    OTG_HS_WKUP_IRQHandler                   0x080002c7   Thumb Code     0  startup_stm32f767xx.o(.text)
    PVD_IRQHandler                           0x080002c7   Thumb Code     0  startup_stm32f767xx.o(.text)
    QUADSPI_IRQHandler                       0x080002c7   Thumb Code     0  startup_stm32f767xx.o(.text)
    RCC_IRQHandler                           0x080002c7   Thumb Code     0  startup_stm32f767xx.o(.text)
    RNG_IRQHandler                           0x080002c7   Thumb Code     0  startup_stm32f767xx.o(.text)
    RTC_Alarm_IRQHandler                     0x080002c7   Thumb Code     0  startup_stm32f767xx.o(.text)
    RTC_WKUP_IRQHandler                      0x080002c7   Thumb Code     0  startup_stm32f767xx.o(.text)
    SAI1_IRQHandler                          0x080002c7   Thumb Code     0  startup_stm32f767xx.o(.text)
    SAI2_IRQHandler                          0x080002c7   Thumb Code     0  startup_stm32f767xx.o(.text)
    SDMMC1_IRQHandler                        0x080002c7   Thumb Code     0  startup_stm32f767xx.o(.text)
    SDMMC2_IRQHandler                        0x080002c7   Thumb Code     0  startup_stm32f767xx.o(.text)
    SPDIF_RX_IRQHandler                      0x080002c7   Thumb Code     0  startup_stm32f767xx.o(.text)
    SPI1_IRQHandler                          0x080002c7   Thumb Code     0  startup_stm32f767xx.o(.text)
    SPI2_IRQHandler                          0x080002c7   Thumb Code     0  startup_stm32f767xx.o(.text)
    SPI3_IRQHandler                          0x080002c7   Thumb Code     0  startup_stm32f767xx.o(.text)
    SPI4_IRQHandler                          0x080002c7   Thumb Code     0  startup_stm32f767xx.o(.text)
    SPI5_IRQHandler                          0x080002c7   Thumb Code     0  startup_stm32f767xx.o(.text)
    SPI6_IRQHandler                          0x080002c7   Thumb Code     0  startup_stm32f767xx.o(.text)
    TAMP_STAMP_IRQHandler                    0x080002c7   Thumb Code     0  startup_stm32f767xx.o(.text)
    TIM1_BRK_TIM9_IRQHandler                 0x080002c7   Thumb Code     0  startup_stm32f767xx.o(.text)
    TIM1_CC_IRQHandler                       0x080002c7   Thumb Code     0  startup_stm32f767xx.o(.text)
    TIM1_TRG_COM_TIM11_IRQHandler            0x080002c7   Thumb Code     0  startup_stm32f767xx.o(.text)
    TIM1_UP_TIM10_IRQHandler                 0x080002c7   Thumb Code     0  startup_stm32f767xx.o(.text)
    TIM2_IRQHandler                          0x080002c7   Thumb Code     0  startup_stm32f767xx.o(.text)
    TIM3_IRQHandler                          0x080002c7   Thumb Code     0  startup_stm32f767xx.o(.text)
    TIM4_IRQHandler                          0x080002c7   Thumb Code     0  startup_stm32f767xx.o(.text)
    TIM5_IRQHandler                          0x080002c7   Thumb Code     0  startup_stm32f767xx.o(.text)
    TIM6_DAC_IRQHandler                      0x080002c7   Thumb Code     0  startup_stm32f767xx.o(.text)
    TIM7_IRQHandler                          0x080002c7   Thumb Code     0  startup_stm32f767xx.o(.text)
    TIM8_BRK_TIM12_IRQHandler                0x080002c7   Thumb Code     0  startup_stm32f767xx.o(.text)
    TIM8_CC_IRQHandler                       0x080002c7   Thumb Code     0  startup_stm32f767xx.o(.text)
    TIM8_TRG_COM_TIM14_IRQHandler            0x080002c7   Thumb Code     0  startup_stm32f767xx.o(.text)
    TIM8_UP_TIM13_IRQHandler                 0x080002c7   Thumb Code     0  startup_stm32f767xx.o(.text)
    UART4_IRQHandler                         0x080002c7   Thumb Code     0  startup_stm32f767xx.o(.text)
    UART5_IRQHandler                         0x080002c7   Thumb Code     0  startup_stm32f767xx.o(.text)
    UART7_IRQHandler                         0x080002c7   Thumb Code     0  startup_stm32f767xx.o(.text)
    UART8_IRQHandler                         0x080002c7   Thumb Code     0  startup_stm32f767xx.o(.text)
    USART2_IRQHandler                        0x080002c7   Thumb Code     0  startup_stm32f767xx.o(.text)
    USART3_IRQHandler                        0x080002c7   Thumb Code     0  startup_stm32f767xx.o(.text)
    USART6_IRQHandler                        0x080002c7   Thumb Code     0  startup_stm32f767xx.o(.text)
    WWDG_IRQHandler                          0x080002c7   Thumb Code     0  startup_stm32f767xx.o(.text)
    __user_initial_stackheap                 0x080002c9   Thumb Code     0  startup_stm32f767xx.o(.text)
    __use_no_semihosting                     0x080002ed   Thumb Code     2  use_no_semi_2.o(.text)
    __2printf                                0x080002f1   Thumb Code    20  noretval__2printf.o(.text)
    __2sprintf                               0x08000309   Thumb Code    34  noretval__2sprintf.o(.text)
    _printf_pre_padding                      0x08000331   Thumb Code    44  _printf_pad.o(.text)
    _printf_post_padding                     0x0800035d   Thumb Code    34  _printf_pad.o(.text)
    _printf_str                              0x0800037f   Thumb Code    82  _printf_str.o(.text)
    _printf_int_dec                          0x080003d1   Thumb Code   104  _printf_dec.o(.text)
    _printf_int_hex                          0x08000449   Thumb Code    84  _printf_hex_int.o(.text)
    _printf_longlong_hex                     0x08000449   Thumb Code     0  _printf_hex_int.o(.text)
    __printf                                 0x080004a1   Thumb Code   308  __printf_flags_wp.o(.text)
    __aeabi_memcpy4                          0x080005d9   Thumb Code     0  rt_memcpy_w.o(.text)
    __aeabi_memcpy8                          0x080005d9   Thumb Code     0  rt_memcpy_w.o(.text)
    __rt_memcpy_w                            0x080005d9   Thumb Code   100  rt_memcpy_w.o(.text)
    _memcpy_lastbytes_aligned                0x08000621   Thumb Code     0  rt_memcpy_w.o(.text)
    strcmp                                   0x0800063d   Thumb Code   104  strcmpv7m_pel.o(.text)
    __use_two_region_memory                  0x080006a5   Thumb Code     2  heapauxi.o(.text)
    __rt_heap_escrow$2region                 0x080006a7   Thumb Code     2  heapauxi.o(.text)
    __rt_heap_expand$2region                 0x080006a9   Thumb Code     2  heapauxi.o(.text)
    __I$use$semihosting                      0x080006ab   Thumb Code     0  use_no_semi.o(.text)
    __use_no_semihosting_swi                 0x080006ab   Thumb Code     2  use_no_semi.o(.text)
    __read_errno                             0x080006ad   Thumb Code    10  _rserrno.o(.text)
    __set_errno                              0x080006b7   Thumb Code    12  _rserrno.o(.text)
    _printf_int_common                       0x080006c3   Thumb Code   178  _printf_intcommon.o(.text)
    _printf_char_common                      0x0800077f   Thumb Code    32  _printf_char_common.o(.text)
    _sputc                                   0x080007a5   Thumb Code    10  _sputc.o(.text)
    _printf_cs_common                        0x080007af   Thumb Code    20  _printf_char.o(.text)
    _printf_char                             0x080007c3   Thumb Code    16  _printf_char.o(.text)
    _printf_string                           0x080007d3   Thumb Code     8  _printf_char.o(.text)
    _printf_char_file                        0x080007dd   Thumb Code    32  _printf_char_file.o(.text)
    __aeabi_errno_addr                       0x08000801   Thumb Code     8  rt_errno_addr_intlibspace.o(.text)
    __errno$intlibspace                      0x08000801   Thumb Code     0  rt_errno_addr_intlibspace.o(.text)
    __rt_errno_addr$intlibspace              0x08000801   Thumb Code     0  rt_errno_addr_intlibspace.o(.text)
    ferror                                   0x08000809   Thumb Code     8  ferror.o(.text)
    __user_libspace                          0x08000811   Thumb Code     8  libspace.o(.text)
    __user_perproc_libspace                  0x08000811   Thumb Code     0  libspace.o(.text)
    __user_perthread_libspace                0x08000811   Thumb Code     0  libspace.o(.text)
    __user_setup_stackheap                   0x08000819   Thumb Code    74  sys_stackheap_outer.o(.text)
    exit                                     0x08000863   Thumb Code    12  exit.o(.text)
    AT24CXX_Init                             0x0800086f   Thumb Code     8  24cxx.o(i.AT24CXX_Init)
    AT24CXX_ReadLenByte                      0x08000877   Thumb Code    44  24cxx.o(i.AT24CXX_ReadLenByte)
    AT24CXX_ReadOneByte                      0x080008a3   Thumb Code    88  24cxx.o(i.AT24CXX_ReadOneByte)
    AT24CXX_WriteLenByte                     0x080008fb   Thumb Code    42  24cxx.o(i.AT24CXX_WriteLenByte)
    AT24CXX_WriteOneByte                     0x08000925   Thumb Code    80  24cxx.o(i.AT24CXX_WriteOneByte)
    BusFault_Handler                         0x08000975   Thumb Code     4  stm32f7xx_it.o(i.BusFault_Handler)
    CT_Delay                                 0x08000979   Thumb Code    10  ctiic.o(i.CT_Delay)
    CT_IIC_Ack                               0x08000985   Thumb Code    60  ctiic.o(i.CT_IIC_Ack)
    CT_IIC_Init                              0x080009c9   Thumb Code    98  ctiic.o(i.CT_IIC_Init)
    CT_IIC_NAck                              0x08000a39   Thumb Code    46  ctiic.o(i.CT_IIC_NAck)
    CT_IIC_Read_Byte                         0x08000a71   Thumb Code    80  ctiic.o(i.CT_IIC_Read_Byte)
    CT_IIC_Send_Byte                         0x08000ac9   Thumb Code    86  ctiic.o(i.CT_IIC_Send_Byte)
    CT_IIC_Start                             0x08000b29   Thumb Code    56  ctiic.o(i.CT_IIC_Start)
    CT_IIC_Stop                              0x08000b69   Thumb Code    46  ctiic.o(i.CT_IIC_Stop)
    CT_IIC_Wait_Ack                          0x08000ba1   Thumb Code    88  ctiic.o(i.CT_IIC_Wait_Ack)
    Cache_Enable                             0x08000c01   Thumb Code   112  sys.o(i.Cache_Enable)
    DebugMon_Handler                         0x08000c79   Thumb Code     2  stm32f7xx_it.o(i.DebugMon_Handler)
    FMC_NORSRAM_Extended_Timing_Init         0x08000c7d   Thumb Code    66  stm32f7xx_ll_fmc.o(i.FMC_NORSRAM_Extended_Timing_Init)
    FMC_NORSRAM_Init                         0x08000cc5   Thumb Code   124  stm32f7xx_ll_fmc.o(i.FMC_NORSRAM_Init)
    FMC_NORSRAM_Timing_Init                  0x08000d45   Thumb Code    94  stm32f7xx_ll_fmc.o(i.FMC_NORSRAM_Timing_Init)
    FMC_SDRAM_Init                           0x08000da3   Thumb Code   116  stm32f7xx_ll_fmc.o(i.FMC_SDRAM_Init)
    FMC_SDRAM_ProgramRefreshRate             0x08000e17   Thumb Code    14  stm32f7xx_ll_fmc.o(i.FMC_SDRAM_ProgramRefreshRate)
    FMC_SDRAM_SendCommand                    0x08000e25   Thumb Code    82  stm32f7xx_ll_fmc.o(i.FMC_SDRAM_SendCommand)
    FMC_SDRAM_Timing_Init                    0x08000e79   Thumb Code   152  stm32f7xx_ll_fmc.o(i.FMC_SDRAM_Timing_Init)
    FT5206_Init                              0x08000f15   Thumb Code   352  ft5206.o(i.FT5206_Init)
    FT5206_RD_Reg                            0x0800109d   Thumb Code    88  ft5206.o(i.FT5206_RD_Reg)
    FT5206_Scan                              0x080010f5   Thumb Code   838  ft5206.o(i.FT5206_Scan)
    FT5206_WR_Reg                            0x0800145d   Thumb Code    82  ft5206.o(i.FT5206_WR_Reg)
    GT9147_Init                              0x080014b1   Thumb Code   304  gt9147.o(i.GT9147_Init)
    GT9147_RD_Reg                            0x08001619   Thumb Code    98  gt9147.o(i.GT9147_RD_Reg)
    GT9147_Scan                              0x0800167d   Thumb Code   736  gt9147.o(i.GT9147_Scan)
    GT9147_Send_Cfg                          0x0800196d   Thumb Code    86  gt9147.o(i.GT9147_Send_Cfg)
    GT9147_WR_Reg                            0x080019c9   Thumb Code    92  gt9147.o(i.GT9147_WR_Reg)
    GT9271_Init                              0x08001a25   Thumb Code   290  gt9271.o(i.GT9271_Init)
    GT9271_RD_Reg                            0x08001b81   Thumb Code    98  gt9271.o(i.GT9271_RD_Reg)
    GT9271_Scan                              0x08001be5   Thumb Code   510  gt9271.o(i.GT9271_Scan)
    GT9271_Send_Cfg                          0x08001df5   Thumb Code    86  gt9271.o(i.GT9271_Send_Cfg)
    GT9271_WR_Reg                            0x08001e51   Thumb Code    92  gt9271.o(i.GT9271_WR_Reg)
    HAL_DMA_Abort_IT                         0x08001ead   Thumb Code    40  stm32f7xx_hal_dma.o(i.HAL_DMA_Abort_IT)
    HAL_GPIO_Init                            0x08001ed5   Thumb Code   484  stm32f7xx_hal_gpio.o(i.HAL_GPIO_Init)
    HAL_GPIO_ReadPin                         0x080020ed   Thumb Code    16  stm32f7xx_hal_gpio.o(i.HAL_GPIO_ReadPin)
    HAL_GPIO_TogglePin                       0x080020fd   Thumb Code     8  stm32f7xx_hal_gpio.o(i.HAL_GPIO_TogglePin)
    HAL_GPIO_WritePin                        0x08002105   Thumb Code    12  stm32f7xx_hal_gpio.o(i.HAL_GPIO_WritePin)
    HAL_GetTick                              0x08002111   Thumb Code     6  stm32f7xx_hal.o(i.HAL_GetTick)
    HAL_IncTick                              0x0800211d   Thumb Code    12  stm32f7xx_hal.o(i.HAL_IncTick)
    HAL_Init                                 0x0800212d   Thumb Code    34  stm32f7xx_hal.o(i.HAL_Init)
    HAL_InitTick                             0x08002155   Thumb Code    36  stm32f7xx_hal.o(i.HAL_InitTick)
    HAL_LTDC_ConfigLayer                     0x0800217d   Thumb Code    94  stm32f7xx_hal_ltdc.o(i.HAL_LTDC_ConfigLayer)
    HAL_LTDC_Init                            0x080021dd   Thumb Code   290  stm32f7xx_hal_ltdc.o(i.HAL_LTDC_Init)
    HAL_LTDC_MspInit                         0x08002305   Thumb Code   294  ltdc.o(i.HAL_LTDC_MspInit)
    HAL_LTDC_SetWindowPosition               0x08002445   Thumb Code   108  stm32f7xx_hal_ltdc.o(i.HAL_LTDC_SetWindowPosition)
    HAL_LTDC_SetWindowSize                   0x080024b1   Thumb Code   116  stm32f7xx_hal_ltdc.o(i.HAL_LTDC_SetWindowSize)
    HAL_MPU_ConfigRegion                     0x08002525   Thumb Code    88  stm32f7xx_hal_cortex.o(i.HAL_MPU_ConfigRegion)
    HAL_MspInit                              0x08002581   Thumb Code     2  stm32f7xx_hal.o(i.HAL_MspInit)
    HAL_NVIC_EnableIRQ                       0x08002583   Thumb Code    26  stm32f7xx_hal_cortex.o(i.HAL_NVIC_EnableIRQ)
    HAL_NVIC_SetPriority                     0x0800259d   Thumb Code   124  stm32f7xx_hal_cortex.o(i.HAL_NVIC_SetPriority)
    HAL_NVIC_SetPriorityGrouping             0x08002619   Thumb Code    32  stm32f7xx_hal_cortex.o(i.HAL_NVIC_SetPriorityGrouping)
    HAL_PWREx_EnableOverDrive                0x08002641   Thumb Code   136  stm32f7xx_hal_pwr_ex.o(i.HAL_PWREx_EnableOverDrive)
    HAL_RCCEx_PeriphCLKConfig                0x080026d1   Thumb Code  2428  stm32f7xx_hal_rcc_ex.o(i.HAL_RCCEx_PeriphCLKConfig)
    HAL_RCC_ClockConfig                      0x08003051   Thumb Code   420  stm32f7xx_hal_rcc.o(i.HAL_RCC_ClockConfig)
    HAL_RCC_GetHCLKFreq                      0x08003205   Thumb Code     6  stm32f7xx_hal_rcc.o(i.HAL_RCC_GetHCLKFreq)
    HAL_RCC_GetPCLK1Freq                     0x08003211   Thumb Code    36  stm32f7xx_hal_rcc.o(i.HAL_RCC_GetPCLK1Freq)
    HAL_RCC_GetPCLK2Freq                     0x0800323d   Thumb Code    36  stm32f7xx_hal_rcc.o(i.HAL_RCC_GetPCLK2Freq)
    HAL_RCC_GetSysClockFreq                  0x08003269   Thumb Code   168  stm32f7xx_hal_rcc.o(i.HAL_RCC_GetSysClockFreq)
    HAL_RCC_OscConfig                        0x0800331d   Thumb Code  1228  stm32f7xx_hal_rcc_ex.o(i.HAL_RCC_OscConfig)
    HAL_SDRAM_Init                           0x080037ed   Thumb Code    64  stm32f7xx_hal_sdram.o(i.HAL_SDRAM_Init)
    HAL_SDRAM_MspInit                        0x0800382d   Thumb Code   258  sdram.o(i.HAL_SDRAM_MspInit)
    HAL_SDRAM_ProgramRefreshRate             0x08003949   Thumb Code    40  stm32f7xx_hal_sdram.o(i.HAL_SDRAM_ProgramRefreshRate)
    HAL_SDRAM_SendCommand                    0x08003971   Thumb Code    58  stm32f7xx_hal_sdram.o(i.HAL_SDRAM_SendCommand)
    HAL_SRAM_Init                            0x080039ab   Thumb Code    88  stm32f7xx_hal_sram.o(i.HAL_SRAM_Init)
    HAL_SRAM_MspInit                         0x08003a05   Thumb Code   140  lcd.o(i.HAL_SRAM_MspInit)
    HAL_SYSTICK_CLKSourceConfig              0x08003a9d   Thumb Code    40  stm32f7xx_hal_cortex.o(i.HAL_SYSTICK_CLKSourceConfig)
    HAL_SYSTICK_Config                       0x08003ac5   Thumb Code    52  stm32f7xx_hal_cortex.o(i.HAL_SYSTICK_Config)
    HAL_TIM_PWM_ConfigChannel                0x08003af9   Thumb Code   372  stm32f7xx_hal_tim_ex.o(i.HAL_TIM_PWM_ConfigChannel)
    HAL_TIM_PWM_Init                         0x08003c6d   Thumb Code    52  stm32f7xx_hal_tim.o(i.HAL_TIM_PWM_Init)
    HAL_TIM_PWM_MspInit                      0x08003ca1   Thumb Code    98  timer.o(i.HAL_TIM_PWM_MspInit)
    HAL_TIM_PWM_Start                        0x08003d0d   Thumb Code    68  stm32f7xx_hal_tim.o(i.HAL_TIM_PWM_Start)
    HAL_TIM_PWM_Stop                         0x08003d59   Thumb Code   126  stm32f7xx_hal_tim.o(i.HAL_TIM_PWM_Stop)
    HAL_UART_ErrorCallback                   0x08003de1   Thumb Code     2  stm32f7xx_hal_uart.o(i.HAL_UART_ErrorCallback)
    HAL_UART_IRQHandler                      0x08003de5   Thumb Code   344  stm32f7xx_hal_uart.o(i.HAL_UART_IRQHandler)
    HAL_UART_Init                            0x08003f41   Thumb Code   120  stm32f7xx_hal_uart.o(i.HAL_UART_Init)
    HAL_UART_MspInit                         0x08003fb9   Thumb Code   148  usart.o(i.HAL_UART_MspInit)
    HAL_UART_Receive                         0x08004059   Thumb Code   274  stm32f7xx_hal_uart.o(i.HAL_UART_Receive)
    HAL_UART_RxCpltCallback                  0x0800416b   Thumb Code     2  stm32f7xx_hal_uart.o(i.HAL_UART_RxCpltCallback)
    HAL_UART_TxCpltCallback                  0x0800416d   Thumb Code     2  stm32f7xx_hal_uart.o(i.HAL_UART_TxCpltCallback)
    HardFault_Handler                        0x0800416f   Thumb Code     4  stm32f7xx_it.o(i.HardFault_Handler)
    IIC_Ack                                  0x08004175   Thumb Code    78  myiic.o(i.IIC_Ack)
    IIC_Init                                 0x080041c9   Thumb Code    78  myiic.o(i.IIC_Init)
    IIC_NAck                                 0x08004221   Thumb Code    78  myiic.o(i.IIC_NAck)
    IIC_Read_Byte                            0x08004275   Thumb Code   102  myiic.o(i.IIC_Read_Byte)
    IIC_Send_Byte                            0x080042e1   Thumb Code   118  myiic.o(i.IIC_Send_Byte)
    IIC_Start                                0x0800435d   Thumb Code    78  myiic.o(i.IIC_Start)
    IIC_Stop                                 0x080043b1   Thumb Code    78  myiic.o(i.IIC_Stop)
    IIC_Wait_Ack                             0x08004405   Thumb Code    98  myiic.o(i.IIC_Wait_Ack)
    KEY_Init                                 0x0800446d   Thumb Code   150  key.o(i.KEY_Init)
    KEY_Scan                                 0x08004515   Thumb Code   192  key.o(i.KEY_Scan)
    LCD_Clear                                0x080045e5   Thumb Code    58  lcd.o(i.LCD_Clear)
    LCD_Display_Dir                          0x0800462d   Thumb Code   400  lcd.o(i.LCD_Display_Dir)
    LCD_DrawLine                             0x080047c5   Thumb Code   176  lcd.o(i.LCD_DrawLine)
    LCD_DrawPoint                            0x08004875   Thumb Code    48  lcd.o(i.LCD_DrawPoint)
    LCD_Draw_Circle                          0x080048b1   Thumb Code   152  lcd.o(i.LCD_Draw_Circle)
    LCD_Fast_DrawPoint                       0x08004949   Thumb Code   290  lcd.o(i.LCD_Fast_DrawPoint)
    LCD_Fill                                 0x08004a79   Thumb Code   104  lcd.o(i.LCD_Fill)
    LCD_Init                                 0x08004ae9   Thumb Code  9916  lcd.o(i.LCD_Init)
    LCD_MPU_Config                           0x080071b1   Thumb Code   128  lcd.o(i.LCD_MPU_Config)
    LCD_Pow                                  0x08007235   Thumb Code    22  lcd.o(i.LCD_Pow)
    LCD_RD_DATA                              0x0800724d   Thumb Code    14  lcd.o(i.LCD_RD_DATA)
    LCD_SSD_BackLightSet                     0x08007261   Thumb Code    72  lcd.o(i.LCD_SSD_BackLightSet)
    LCD_Scan_Dir                             0x080072b1   Thumb Code   636  lcd.o(i.LCD_Scan_Dir)
    LCD_SetCursor                            0x08007531   Thumb Code   318  lcd.o(i.LCD_SetCursor)
    LCD_ShowChar                             0x08007675   Thumb Code   288  lcd.o(i.LCD_ShowChar)
    LCD_ShowNum                              0x080077b1   Thumb Code   148  lcd.o(i.LCD_ShowNum)
    LCD_ShowString                           0x08007845   Thumb Code   102  lcd.o(i.LCD_ShowString)
    LCD_WR_DATA                              0x080078ad   Thumb Code    18  lcd.o(i.LCD_WR_DATA)
    LCD_WR_REG                               0x080078c5   Thumb Code    18  lcd.o(i.LCD_WR_REG)
    LCD_WriteRAM_Prepare                     0x080078dd   Thumb Code    10  lcd.o(i.LCD_WriteRAM_Prepare)
    LCD_WriteReg                             0x080078f1   Thumb Code    10  lcd.o(i.LCD_WriteReg)
    LED_Init                                 0x08007901   Thumb Code    78  led.o(i.LED_Init)
    LTDC_Clear                               0x08007959   Thumb Code    32  ltdc.o(i.LTDC_Clear)
    LTDC_Clk_Set                             0x0800797d   Thumb Code    38  ltdc.o(i.LTDC_Clk_Set)
    LTDC_Display_Dir                         0x080079a5   Thumb Code    40  ltdc.o(i.LTDC_Display_Dir)
    LTDC_Draw_Point                          0x080079d1   Thumb Code    70  ltdc.o(i.LTDC_Draw_Point)
    LTDC_Fill                                0x08007a21   Thumb Code   310  ltdc.o(i.LTDC_Fill)
    LTDC_Init                                0x08007b69   Thumb Code   652  ltdc.o(i.LTDC_Init)
    LTDC_Layer_Parameter_Config              0x08007e11   Thumb Code   114  ltdc.o(i.LTDC_Layer_Parameter_Config)
    LTDC_Layer_Window_Config                 0x08007e8d   Thumb Code    44  ltdc.o(i.LTDC_Layer_Window_Config)
    LTDC_PanelID_Read                        0x08007ebd   Thumb Code   190  ltdc.o(i.LTDC_PanelID_Read)
    LTDC_Select_Layer                        0x08007f89   Thumb Code     6  ltdc.o(i.LTDC_Select_Layer)
    Load_Drow_Dialog                         0x080081a9   Thumb Code    66  main.o(i.Load_Drow_Dialog)
    NMI_Handler                              0x080081fd   Thumb Code     2  stm32f7xx_it.o(i.NMI_Handler)
    OTT2001A_Init                            0x08008239   Thumb Code   188  ott2001a.o(i.OTT2001A_Init)
    OTT2001A_RD_Reg                          0x0800830d   Thumb Code    98  ott2001a.o(i.OTT2001A_RD_Reg)
    OTT2001A_Scan                            0x08008371   Thumb Code   428  ott2001a.o(i.OTT2001A_Scan)
    OTT2001A_SensorControl                   0x08008541   Thumb Code    28  ott2001a.o(i.OTT2001A_SensorControl)
    OTT2001A_WR_Reg                          0x0800855d   Thumb Code    92  ott2001a.o(i.OTT2001A_WR_Reg)
    PendSV_Handler                           0x080085b9   Thumb Code     2  stm32f7xx_it.o(i.PendSV_Handler)
    SDRAM_Init                               0x08008659   Thumb Code    96  sdram.o(i.SDRAM_Init)
    SDRAM_Initialization_Sequence            0x080086c1   Thumb Code    78  sdram.o(i.SDRAM_Initialization_Sequence)
    SDRAM_Send_Cmd                           0x08008715   Thumb Code    68  sdram.o(i.SDRAM_Send_Cmd)
    SVC_Handler                              0x0800875d   Thumb Code     2  stm32f7xx_it.o(i.SVC_Handler)
    Stm32_Clock_Init                         0x08008761   Thumb Code   170  sys.o(i.Stm32_Clock_Init)
    SysTick_Handler                          0x08008815   Thumb Code     8  stm32f7xx_it.o(i.SysTick_Handler)
    SystemInit                               0x0800881d   Thumb Code    82  system_stm32f7xx.o(i.SystemInit)
    TIM3_PWM_Init                            0x08008881   Thumb Code    62  timer.o(i.TIM3_PWM_Init)
    TIM_Base_SetConfig                       0x080088cd   Thumb Code   184  stm32f7xx_hal_tim.o(i.TIM_Base_SetConfig)
    TIM_CCxChannelCmd                        0x080089b1   Thumb Code    28  stm32f7xx_hal_tim.o(i.TIM_CCxChannelCmd)
    TIM_OC1_SetConfig                        0x080089cd   Thumb Code   102  stm32f7xx_hal_tim.o(i.TIM_OC1_SetConfig)
    TIM_OC2_SetConfig                        0x08008a41   Thumb Code   112  stm32f7xx_hal_tim.o(i.TIM_OC2_SetConfig)
    TIM_OC3_SetConfig                        0x08008abd   Thumb Code   110  stm32f7xx_hal_tim.o(i.TIM_OC3_SetConfig)
    TIM_OC4_SetConfig                        0x08008b39   Thumb Code    88  stm32f7xx_hal_tim.o(i.TIM_OC4_SetConfig)
    TP_Adj_Info_Show                         0x08008c4d   Thumb Code   374  touch.o(i.TP_Adj_Info_Show)
    TP_Adjust                                0x08008df5   Thumb Code  1806  touch.o(i.TP_Adjust)
    TP_Draw_Big_Point                        0x08009545   Thumb Code    54  touch.o(i.TP_Draw_Big_Point)
    TP_Drow_Touch_Point                      0x08009581   Thumb Code   108  touch.o(i.TP_Drow_Touch_Point)
    TP_Get_Adjdata                           0x080095f1   Thumb Code   164  touch.o(i.TP_Get_Adjdata)
    TP_Init                                  0x080096a5   Thumb Code   450  touch.o(i.TP_Init)
    TP_Read_AD                               0x08009891   Thumb Code   170  touch.o(i.TP_Read_AD)
    TP_Read_XOY                              0x08009949   Thumb Code   120  touch.o(i.TP_Read_XOY)
    TP_Read_XY                               0x080099c1   Thumb Code    38  touch.o(i.TP_Read_XY)
    TP_Read_XY2                              0x080099f1   Thumb Code   192  touch.o(i.TP_Read_XY2)
    TP_Save_Adjdata                          0x08009ab1   Thumb Code   118  touch.o(i.TP_Save_Adjdata)
    TP_Scan                                  0x08009b31   Thumb Code   240  touch.o(i.TP_Scan)
    TP_Write_Byte                            0x08009c29   Thumb Code    78  touch.o(i.TP_Write_Byte)
    UART_AdvFeatureConfig                    0x08009c81   Thumb Code   234  stm32f7xx_hal_uart.o(i.UART_AdvFeatureConfig)
    UART_CheckIdleState                      0x08009d6b   Thumb Code   116  stm32f7xx_hal_uart.o(i.UART_CheckIdleState)
    UART_SetConfig                           0x08009ec1   Thumb Code   858  stm32f7xx_hal_uart.o(i.UART_SetConfig)
    UART_WaitOnFlagUntilTimeout              0x0800a2b7   Thumb Code   108  stm32f7xx_hal_uart.o(i.UART_WaitOnFlagUntilTimeout)
    USART1_IRQHandler                        0x0800a325   Thumb Code   146  usart.o(i.USART1_IRQHandler)
    UsageFault_Handler                       0x0800a3c5   Thumb Code     4  stm32f7xx_it.o(i.UsageFault_Handler)
    __hardfp_sqrt                            0x0800a3c9   Thumb Code   102  sqrt.o(i.__hardfp_sqrt)
    _is_digit                                0x0800a42f   Thumb Code    14  __printf_wp.o(i._is_digit)
    _sys_exit                                0x0800a43d   Thumb Code     4  usart.o(i._sys_exit)
    ctp_test                                 0x0800a441   Thumb Code   348  main.o(i.ctp_test)
    delay_init                               0x0800a5b1   Thumb Code    16  delay.o(i.delay_init)
    delay_ms                                 0x0800a5c5   Thumb Code    24  delay.o(i.delay_ms)
    delay_us                                 0x0800a5dd   Thumb Code    68  delay.o(i.delay_us)
    fputc                                    0x0800a625   Thumb Code    22  usart.o(i.fputc)
    gui_draw_hline                           0x0800a641   Thumb Code    36  main.o(i.gui_draw_hline)
    gui_fill_circle                          0x0800a665   Thumb Code   176  main.o(i.gui_fill_circle)
    lcd_draw_bline                           0x0800a715   Thumb Code   212  main.o(i.lcd_draw_bline)
    main                                     0x0800a7e9   Thumb Code   232  main.o(i.main)
    rtp_test                                 0x0800a941   Thumb Code   156  main.o(i.rtp_test)
    uart_init                                0x0800a9e9   Thumb Code    34  usart.o(i.uart_init)
    _fp_init                                 0x0800aa15   Thumb Code    10  fpinit.o(x$fpl$fpinit)
    __fplib_config_fpu_vfp                   0x0800aa1d   Thumb Code     0  fpinit.o(x$fpl$fpinit)
    __fplib_config_pureend_doubles           0x0800aa1d   Thumb Code     0  fpinit.o(x$fpl$fpinit)
    POINT_COLOR_TBL                          0x0800aa1e   Data          20  main.o(.constdata)
    __I$use$fp                               0x0800aa1e   Number         0  usenofp.o(x$fpl$usenofp)
    AHBPrescTable                            0x0800aa32   Data          16  system_stm32f7xx.o(.constdata)
    APBPrescTable                            0x0800aa42   Data           8  system_stm32f7xx.o(.constdata)
    asc2_1206                                0x0800aa4a   Data        1140  lcd.o(.constdata)
    asc2_1608                                0x0800aebe   Data        1520  lcd.o(.constdata)
    asc2_2412                                0x0800b4ae   Data        3420  lcd.o(.constdata)
    asc2_3216                                0x0800c20a   Data       12160  lcd.o(.constdata)
    FT5206_TPX_TBL                           0x0800f18a   Data          10  ft5206.o(.constdata)
    GT911_TPX_TBL                            0x0800f194   Data          10  ft5206.o(.constdata)
    GT9147_CFG_TBL                           0x0800f19e   Data         184  gt9147.o(.constdata)
    GT9147_TPX_TBL                           0x0800f256   Data          10  gt9147.o(.constdata)
    GT9271_CFG_TBL                           0x0800f260   Data         186  gt9271.o(.constdata)
    GT9271_TPX_TBL                           0x0800f31a   Data          20  gt9271.o(.constdata)
    OTT_TPX_TBL                              0x0800f32e   Data          10  ott2001a.o(.constdata)
    TP_REMIND_MSG_TBL                        0x0800f338   Data           4  touch.o(.constdata)
    Region$$Table$$Base                      0x0800f3f4   Number         0  anon$$obj.o(Region$$Table)
    Region$$Table$$Limit                     0x0800f414   Number         0  anon$$obj.o(Region$$Table)
    SystemCoreClock                          0x20020000   Data           4  system_stm32f7xx.o(.data)
    uwTick                                   0x20020004   Data           4  stm32f7xx_hal.o(.data)
    __stdout                                 0x2002000c   Data           4  usart.o(.data)
    USART_RX_STA                             0x20020010   Data           2  usart.o(.data)
    aRxBuffer                                0x20020012   Data           1  usart.o(.data)
    POINT_COLOR                              0x20020014   Data           4  lcd.o(.data)
    BACK_COLOR                               0x20020018   Data           4  lcd.o(.data)
    ltdc_framebuf                            0x2002001c   Data           8  ltdc.o(.data)
    CIP                                      0x20020024   Data           5  ft5206.o(.data)
    g_gt_tnum                                0x20020029   Data           1  ft5206.o(.data)
    tp_dev                                   0x20020030   Data          72  touch.o(.data)
    CMD_RDX                                  0x20020078   Data           1  touch.o(.data)
    CMD_RDY                                  0x20020079   Data           1  touch.o(.data)
    lcd_id                                   0x2002007c   Data          12  main.o(.bss)
    USART_RX_BUF                             0x20020088   Data         200  usart.o(.bss)
    UART1_Handler                            0x20020150   Data         112  usart.o(.bss)
    SDRAM_Handler                            0x200201c0   Data          52  sdram.o(.bss)
    SRAM_Handler                             0x200201f4   Data          76  lcd.o(.bss)
    lcddev                                   0x20020240   Data          14  lcd.o(.bss)
    LTDC_Handler                             0x20020250   Data         168  ltdc.o(.bss)
    DMA2D_Handler                            0x200202f8   Data          88  ltdc.o(.bss)
    lcdltdc                                  0x20020350   Data          32  ltdc.o(.bss)
    TIM3_Handler                             0x20020370   Data          60  timer.o(.bss)
    TIM3_CH1Handler                          0x200203ac   Data          28  timer.o(.bss)
    __libspace_start                         0x200203c8   Data          96  libspace.o(.bss)
    __temporary_stack_top$libspace           0x20020428   Data           0  libspace.o(.bss)
    ltdc_lcd_framebuf                        0xc0000000   Data       2048000  ltdc.o(.ARM.__AT_0xC0000000)



==============================================================================

Memory Map of the image

  Image Entry point : 0x080001f9

  Load Region LR_IROM1 (Base: 0x08000000, Size: 0x0000f490, Max: 0x00100000, ABSOLUTE)

    Execution Region ER_IROM1 (Exec base: 0x08000000, Load base: 0x08000000, Size: 0x0000f414, Max: 0x00100000, ABSOLUTE)

    Exec Addr    Load Addr    Size         Type   Attr      Idx    E Section Name        Object

    0x08000000   0x08000000   0x000001f8   Data   RO          578    RESET               startup_stm32f767xx.o
    0x080001f8   0x080001f8   0x00000008   Code   RO         5255  * !!!main             c_w.l(__main.o)
    0x08000200   0x08000200   0x00000034   Code   RO         5446    !!!scatter          c_w.l(__scatter.o)
    0x08000234   0x08000234   0x0000001a   Code   RO         5448    !!handler_copy      c_w.l(__scatter_copy.o)
    0x0800024e   0x0800024e   0x00000002   PAD
    0x08000250   0x08000250   0x0000001c   Code   RO         5450    !!handler_zi        c_w.l(__scatter_zi.o)
    0x0800026c   0x0800026c   0x00000000   Code   RO         5248    .ARM.Collect$$_printf_percent$$00000000  c_w.l(_printf_percent.o)
    0x0800026c   0x0800026c   0x00000006   Code   RO         5247    .ARM.Collect$$_printf_percent$$00000009  c_w.l(_printf_d.o)
    0x08000272   0x08000272   0x00000006   Code   RO         5246    .ARM.Collect$$_printf_percent$$0000000C  c_w.l(_printf_x.o)
    0x08000278   0x08000278   0x00000006   Code   RO         5245    .ARM.Collect$$_printf_percent$$00000014  c_w.l(_printf_s.o)
    0x0800027e   0x0800027e   0x00000004   Code   RO         5284    .ARM.Collect$$_printf_percent$$00000017  c_w.l(_printf_percent_end.o)
    0x08000282   0x08000282   0x00000002   Code   RO         5324    .ARM.Collect$$libinit$$00000000  c_w.l(libinit.o)
    0x08000284   0x08000284   0x00000004   Code   RO         5327    .ARM.Collect$$libinit$$00000001  c_w.l(libinit2.o)
    0x08000288   0x08000288   0x00000000   Code   RO         5330    .ARM.Collect$$libinit$$00000004  c_w.l(libinit2.o)
    0x08000288   0x08000288   0x00000000   Code   RO         5333    .ARM.Collect$$libinit$$0000000A  c_w.l(libinit2.o)
    0x08000288   0x08000288   0x00000000   Code   RO         5335    .ARM.Collect$$libinit$$0000000C  c_w.l(libinit2.o)
    0x08000288   0x08000288   0x00000000   Code   RO         5337    .ARM.Collect$$libinit$$0000000E  c_w.l(libinit2.o)
    0x08000288   0x08000288   0x00000000   Code   RO         5340    .ARM.Collect$$libinit$$00000011  c_w.l(libinit2.o)
    0x08000288   0x08000288   0x00000000   Code   RO         5342    .ARM.Collect$$libinit$$00000013  c_w.l(libinit2.o)
    0x08000288   0x08000288   0x00000000   Code   RO         5344    .ARM.Collect$$libinit$$00000015  c_w.l(libinit2.o)
    0x08000288   0x08000288   0x00000000   Code   RO         5346    .ARM.Collect$$libinit$$00000017  c_w.l(libinit2.o)
    0x08000288   0x08000288   0x00000000   Code   RO         5348    .ARM.Collect$$libinit$$00000019  c_w.l(libinit2.o)
    0x08000288   0x08000288   0x00000000   Code   RO         5350    .ARM.Collect$$libinit$$0000001B  c_w.l(libinit2.o)
    0x08000288   0x08000288   0x00000000   Code   RO         5352    .ARM.Collect$$libinit$$0000001D  c_w.l(libinit2.o)
    0x08000288   0x08000288   0x00000000   Code   RO         5354    .ARM.Collect$$libinit$$0000001F  c_w.l(libinit2.o)
    0x08000288   0x08000288   0x00000000   Code   RO         5356    .ARM.Collect$$libinit$$00000021  c_w.l(libinit2.o)
    0x08000288   0x08000288   0x00000000   Code   RO         5358    .ARM.Collect$$libinit$$00000023  c_w.l(libinit2.o)
    0x08000288   0x08000288   0x00000000   Code   RO         5360    .ARM.Collect$$libinit$$00000025  c_w.l(libinit2.o)
    0x08000288   0x08000288   0x00000000   Code   RO         5364    .ARM.Collect$$libinit$$0000002C  c_w.l(libinit2.o)
    0x08000288   0x08000288   0x00000000   Code   RO         5366    .ARM.Collect$$libinit$$0000002E  c_w.l(libinit2.o)
    0x08000288   0x08000288   0x00000000   Code   RO         5368    .ARM.Collect$$libinit$$00000030  c_w.l(libinit2.o)
    0x08000288   0x08000288   0x00000000   Code   RO         5370    .ARM.Collect$$libinit$$00000032  c_w.l(libinit2.o)
    0x08000288   0x08000288   0x00000002   Code   RO         5371    .ARM.Collect$$libinit$$00000033  c_w.l(libinit2.o)
    0x0800028a   0x0800028a   0x00000002   Code   RO         5389    .ARM.Collect$$libshutdown$$00000000  c_w.l(libshutdown.o)
    0x0800028c   0x0800028c   0x00000000   Code   RO         5400    .ARM.Collect$$libshutdown$$00000003  c_w.l(libshutdown2.o)
    0x0800028c   0x0800028c   0x00000000   Code   RO         5403    .ARM.Collect$$libshutdown$$00000006  c_w.l(libshutdown2.o)
    0x0800028c   0x0800028c   0x00000000   Code   RO         5406    .ARM.Collect$$libshutdown$$00000009  c_w.l(libshutdown2.o)
    0x0800028c   0x0800028c   0x00000000   Code   RO         5408    .ARM.Collect$$libshutdown$$0000000B  c_w.l(libshutdown2.o)
    0x0800028c   0x0800028c   0x00000000   Code   RO         5411    .ARM.Collect$$libshutdown$$0000000E  c_w.l(libshutdown2.o)
    0x0800028c   0x0800028c   0x00000002   Code   RO         5412    .ARM.Collect$$libshutdown$$0000000F  c_w.l(libshutdown2.o)
    0x0800028e   0x0800028e   0x00000000   Code   RO         5271    .ARM.Collect$$rtentry$$00000000  c_w.l(__rtentry.o)
    0x0800028e   0x0800028e   0x00000000   Code   RO         5287    .ARM.Collect$$rtentry$$00000002  c_w.l(__rtentry2.o)
    0x0800028e   0x0800028e   0x00000006   Code   RO         5299    .ARM.Collect$$rtentry$$00000004  c_w.l(__rtentry4.o)
    0x08000294   0x08000294   0x00000000   Code   RO         5289    .ARM.Collect$$rtentry$$00000009  c_w.l(__rtentry2.o)
    0x08000294   0x08000294   0x00000004   Code   RO         5290    .ARM.Collect$$rtentry$$0000000A  c_w.l(__rtentry2.o)
    0x08000298   0x08000298   0x00000000   Code   RO         5292    .ARM.Collect$$rtentry$$0000000C  c_w.l(__rtentry2.o)
    0x08000298   0x08000298   0x00000008   Code   RO         5293    .ARM.Collect$$rtentry$$0000000D  c_w.l(__rtentry2.o)
    0x080002a0   0x080002a0   0x00000002   Code   RO         5325    .ARM.Collect$$rtexit$$00000000  c_w.l(rtexit.o)
    0x080002a2   0x080002a2   0x00000000   Code   RO         5373    .ARM.Collect$$rtexit$$00000002  c_w.l(rtexit2.o)
    0x080002a2   0x080002a2   0x00000004   Code   RO         5374    .ARM.Collect$$rtexit$$00000003  c_w.l(rtexit2.o)
    0x080002a6   0x080002a6   0x00000006   Code   RO         5375    .ARM.Collect$$rtexit$$00000004  c_w.l(rtexit2.o)
    0x080002ac   0x080002ac   0x00000040   Code   RO          579    .text               startup_stm32f767xx.o
    0x080002ec   0x080002ec   0x00000002   Code   RO         5186    .text               c_w.l(use_no_semi_2.o)
    0x080002ee   0x080002ee   0x00000002   PAD
    0x080002f0   0x080002f0   0x00000018   Code   RO         5192    .text               c_w.l(noretval__2printf.o)
    0x08000308   0x08000308   0x00000028   Code   RO         5194    .text               c_w.l(noretval__2sprintf.o)
    0x08000330   0x08000330   0x0000004e   Code   RO         5198    .text               c_w.l(_printf_pad.o)
    0x0800037e   0x0800037e   0x00000052   Code   RO         5200    .text               c_w.l(_printf_str.o)
    0x080003d0   0x080003d0   0x00000078   Code   RO         5202    .text               c_w.l(_printf_dec.o)
    0x08000448   0x08000448   0x00000058   Code   RO         5207    .text               c_w.l(_printf_hex_int.o)
    0x080004a0   0x080004a0   0x00000138   Code   RO         5237    .text               c_w.l(__printf_flags_wp.o)
    0x080005d8   0x080005d8   0x00000064   Code   RO         5249    .text               c_w.l(rt_memcpy_w.o)
    0x0800063c   0x0800063c   0x00000068   Code   RO         5251    .text               c_w.l(strcmpv7m_pel.o)
    0x080006a4   0x080006a4   0x00000006   Code   RO         5253    .text               c_w.l(heapauxi.o)
    0x080006aa   0x080006aa   0x00000002   Code   RO         5269    .text               c_w.l(use_no_semi.o)
    0x080006ac   0x080006ac   0x00000016   Code   RO         5272    .text               c_w.l(_rserrno.o)
    0x080006c2   0x080006c2   0x000000b2   Code   RO         5274    .text               c_w.l(_printf_intcommon.o)
    0x08000774   0x08000774   0x00000030   Code   RO         5276    .text               c_w.l(_printf_char_common.o)
    0x080007a4   0x080007a4   0x0000000a   Code   RO         5278    .text               c_w.l(_sputc.o)
    0x080007ae   0x080007ae   0x0000002c   Code   RO         5280    .text               c_w.l(_printf_char.o)
    0x080007da   0x080007da   0x00000002   PAD
    0x080007dc   0x080007dc   0x00000024   Code   RO         5282    .text               c_w.l(_printf_char_file.o)
    0x08000800   0x08000800   0x00000008   Code   RO         5304    .text               c_w.l(rt_errno_addr_intlibspace.o)
    0x08000808   0x08000808   0x00000008   Code   RO         5308    .text               c_w.l(ferror.o)
    0x08000810   0x08000810   0x00000008   Code   RO         5312    .text               c_w.l(libspace.o)
    0x08000818   0x08000818   0x0000004a   Code   RO         5315    .text               c_w.l(sys_stackheap_outer.o)
    0x08000862   0x08000862   0x0000000c   Code   RO         5317    .text               c_w.l(exit.o)
    0x0800086e   0x0800086e   0x00000008   Code   RO         4688    i.AT24CXX_Init      24cxx.o
    0x08000876   0x08000876   0x0000002c   Code   RO         4690    i.AT24CXX_ReadLenByte  24cxx.o
    0x080008a2   0x080008a2   0x00000058   Code   RO         4691    i.AT24CXX_ReadOneByte  24cxx.o
    0x080008fa   0x080008fa   0x0000002a   Code   RO         4693    i.AT24CXX_WriteLenByte  24cxx.o
    0x08000924   0x08000924   0x00000050   Code   RO         4694    i.AT24CXX_WriteOneByte  24cxx.o
    0x08000974   0x08000974   0x00000004   Code   RO          349    i.BusFault_Handler  stm32f7xx_it.o
    0x08000978   0x08000978   0x0000000a   Code   RO         4756    i.CT_Delay          ctiic.o
    0x08000982   0x08000982   0x00000002   PAD
    0x08000984   0x08000984   0x00000044   Code   RO         4757    i.CT_IIC_Ack        ctiic.o
    0x080009c8   0x080009c8   0x00000070   Code   RO         4758    i.CT_IIC_Init       ctiic.o
    0x08000a38   0x08000a38   0x00000038   Code   RO         4759    i.CT_IIC_NAck       ctiic.o
    0x08000a70   0x08000a70   0x00000058   Code   RO         4760    i.CT_IIC_Read_Byte  ctiic.o
    0x08000ac8   0x08000ac8   0x00000060   Code   RO         4761    i.CT_IIC_Send_Byte  ctiic.o
    0x08000b28   0x08000b28   0x00000040   Code   RO         4762    i.CT_IIC_Start      ctiic.o
    0x08000b68   0x08000b68   0x00000038   Code   RO         4763    i.CT_IIC_Stop       ctiic.o
    0x08000ba0   0x08000ba0   0x00000060   Code   RO         4764    i.CT_IIC_Wait_Ack   ctiic.o
    0x08000c00   0x08000c00   0x00000078   Code   RO         4040    i.Cache_Enable      sys.o
    0x08000c78   0x08000c78   0x00000002   Code   RO          350    i.DebugMon_Handler  stm32f7xx_it.o
    0x08000c7a   0x08000c7a   0x00000002   PAD
    0x08000c7c   0x08000c7c   0x00000048   Code   RO         2922    i.FMC_NORSRAM_Extended_Timing_Init  stm32f7xx_ll_fmc.o
    0x08000cc4   0x08000cc4   0x00000080   Code   RO         2923    i.FMC_NORSRAM_Init  stm32f7xx_ll_fmc.o
    0x08000d44   0x08000d44   0x0000005e   Code   RO         2924    i.FMC_NORSRAM_Timing_Init  stm32f7xx_ll_fmc.o
    0x08000da2   0x08000da2   0x00000074   Code   RO         2929    i.FMC_SDRAM_Init    stm32f7xx_ll_fmc.o
    0x08000e16   0x08000e16   0x0000000e   Code   RO         2930    i.FMC_SDRAM_ProgramRefreshRate  stm32f7xx_ll_fmc.o
    0x08000e24   0x08000e24   0x00000052   Code   RO         2931    i.FMC_SDRAM_SendCommand  stm32f7xx_ll_fmc.o
    0x08000e76   0x08000e76   0x00000002   PAD
    0x08000e78   0x08000e78   0x0000009c   Code   RO         2933    i.FMC_SDRAM_Timing_Init  stm32f7xx_ll_fmc.o
    0x08000f14   0x08000f14   0x00000188   Code   RO         4831    i.FT5206_Init       ft5206.o
    0x0800109c   0x0800109c   0x00000058   Code   RO         4832    i.FT5206_RD_Reg     ft5206.o
    0x080010f4   0x080010f4   0x00000368   Code   RO         4833    i.FT5206_Scan       ft5206.o
    0x0800145c   0x0800145c   0x00000052   Code   RO         4834    i.FT5206_WR_Reg     ft5206.o
    0x080014ae   0x080014ae   0x00000002   PAD
    0x080014b0   0x080014b0   0x00000168   Code   RO         4880    i.GT9147_Init       gt9147.o
    0x08001618   0x08001618   0x00000062   Code   RO         4881    i.GT9147_RD_Reg     gt9147.o
    0x0800167a   0x0800167a   0x00000002   PAD
    0x0800167c   0x0800167c   0x000002f0   Code   RO         4882    i.GT9147_Scan       gt9147.o
    0x0800196c   0x0800196c   0x0000005c   Code   RO         4883    i.GT9147_Send_Cfg   gt9147.o
    0x080019c8   0x080019c8   0x0000005c   Code   RO         4884    i.GT9147_WR_Reg     gt9147.o
    0x08001a24   0x08001a24   0x0000015c   Code   RO         4932    i.GT9271_Init       gt9271.o
    0x08001b80   0x08001b80   0x00000062   Code   RO         4933    i.GT9271_RD_Reg     gt9271.o
    0x08001be2   0x08001be2   0x00000002   PAD
    0x08001be4   0x08001be4   0x00000210   Code   RO         4934    i.GT9271_Scan       gt9271.o
    0x08001df4   0x08001df4   0x0000005c   Code   RO         4935    i.GT9271_Send_Cfg   gt9271.o
    0x08001e50   0x08001e50   0x0000005c   Code   RO         4936    i.GT9271_WR_Reg     gt9271.o
    0x08001eac   0x08001eac   0x00000028   Code   RO          889    i.HAL_DMA_Abort_IT  stm32f7xx_hal_dma.o
    0x08001ed4   0x08001ed4   0x00000218   Code   RO         1035    i.HAL_GPIO_Init     stm32f7xx_hal_gpio.o
    0x080020ec   0x080020ec   0x00000010   Code   RO         1037    i.HAL_GPIO_ReadPin  stm32f7xx_hal_gpio.o
    0x080020fc   0x080020fc   0x00000008   Code   RO         1038    i.HAL_GPIO_TogglePin  stm32f7xx_hal_gpio.o
    0x08002104   0x08002104   0x0000000c   Code   RO         1039    i.HAL_GPIO_WritePin  stm32f7xx_hal_gpio.o
    0x08002110   0x08002110   0x0000000c   Code   RO          603    i.HAL_GetTick       stm32f7xx_hal.o
    0x0800211c   0x0800211c   0x00000010   Code   RO          604    i.HAL_IncTick       stm32f7xx_hal.o
    0x0800212c   0x0800212c   0x00000028   Code   RO          605    i.HAL_Init          stm32f7xx_hal.o
    0x08002154   0x08002154   0x00000028   Code   RO          606    i.HAL_InitTick      stm32f7xx_hal.o
    0x0800217c   0x0800217c   0x0000005e   Code   RO         3343    i.HAL_LTDC_ConfigLayer  stm32f7xx_hal_ltdc.o
    0x080021da   0x080021da   0x00000002   PAD
    0x080021dc   0x080021dc   0x00000128   Code   RO         3360    i.HAL_LTDC_Init     stm32f7xx_hal_ltdc.o
    0x08002304   0x08002304   0x00000140   Code   RO         4502    i.HAL_LTDC_MspInit  ltdc.o
    0x08002444   0x08002444   0x0000006c   Code   RO         3375    i.HAL_LTDC_SetWindowPosition  stm32f7xx_hal_ltdc.o
    0x080024b0   0x080024b0   0x00000074   Code   RO         3377    i.HAL_LTDC_SetWindowSize  stm32f7xx_hal_ltdc.o
    0x08002524   0x08002524   0x0000005c   Code   RO          757    i.HAL_MPU_ConfigRegion  stm32f7xx_hal_cortex.o
    0x08002580   0x08002580   0x00000002   Code   RO          608    i.HAL_MspInit       stm32f7xx_hal.o
    0x08002582   0x08002582   0x0000001a   Code   RO          760    i.HAL_NVIC_EnableIRQ  stm32f7xx_hal_cortex.o
    0x0800259c   0x0800259c   0x0000007c   Code   RO          766    i.HAL_NVIC_SetPriority  stm32f7xx_hal_cortex.o
    0x08002618   0x08002618   0x00000028   Code   RO          767    i.HAL_NVIC_SetPriorityGrouping  stm32f7xx_hal_cortex.o
    0x08002640   0x08002640   0x00000090   Code   RO         1228    i.HAL_PWREx_EnableOverDrive  stm32f7xx_hal_pwr_ex.o
    0x080026d0   0x080026d0   0x00000980   Code   RO         1418    i.HAL_RCCEx_PeriphCLKConfig  stm32f7xx_hal_rcc_ex.o
    0x08003050   0x08003050   0x000001b4   Code   RO         1315    i.HAL_RCC_ClockConfig  stm32f7xx_hal_rcc.o
    0x08003204   0x08003204   0x0000000c   Code   RO         1320    i.HAL_RCC_GetHCLKFreq  stm32f7xx_hal_rcc.o
    0x08003210   0x08003210   0x0000002c   Code   RO         1322    i.HAL_RCC_GetPCLK1Freq  stm32f7xx_hal_rcc.o
    0x0800323c   0x0800323c   0x0000002c   Code   RO         1323    i.HAL_RCC_GetPCLK2Freq  stm32f7xx_hal_rcc.o
    0x08003268   0x08003268   0x000000b4   Code   RO         1324    i.HAL_RCC_GetSysClockFreq  stm32f7xx_hal_rcc.o
    0x0800331c   0x0800331c   0x000004d0   Code   RO         1419    i.HAL_RCC_OscConfig  stm32f7xx_hal_rcc_ex.o
    0x080037ec   0x080037ec   0x00000040   Code   RO         3190    i.HAL_SDRAM_Init    stm32f7xx_hal_sdram.o
    0x0800382c   0x0800382c   0x0000011c   Code   RO         4210    i.HAL_SDRAM_MspInit  sdram.o
    0x08003948   0x08003948   0x00000028   Code   RO         3193    i.HAL_SDRAM_ProgramRefreshRate  stm32f7xx_hal_sdram.o
    0x08003970   0x08003970   0x0000003a   Code   RO         3199    i.HAL_SDRAM_SendCommand  stm32f7xx_hal_sdram.o
    0x080039aa   0x080039aa   0x00000058   Code   RO         3068    i.HAL_SRAM_Init     stm32f7xx_hal_sram.o
    0x08003a02   0x08003a02   0x00000002   PAD
    0x08003a04   0x08003a04   0x00000098   Code   RO         4268    i.HAL_SRAM_MspInit  lcd.o
    0x08003a9c   0x08003a9c   0x00000028   Code   RO          769    i.HAL_SYSTICK_CLKSourceConfig  stm32f7xx_hal_cortex.o
    0x08003ac4   0x08003ac4   0x00000034   Code   RO          771    i.HAL_SYSTICK_Config  stm32f7xx_hal_cortex.o
    0x08003af8   0x08003af8   0x00000174   Code   RO         2674    i.HAL_TIM_PWM_ConfigChannel  stm32f7xx_hal_tim_ex.o
    0x08003c6c   0x08003c6c   0x00000034   Code   RO         2061    i.HAL_TIM_PWM_Init  stm32f7xx_hal_tim.o
    0x08003ca0   0x08003ca0   0x0000006c   Code   RO         5144    i.HAL_TIM_PWM_MspInit  timer.o
    0x08003d0c   0x08003d0c   0x0000004c   Code   RO         2065    i.HAL_TIM_PWM_Start  stm32f7xx_hal_tim.o
    0x08003d58   0x08003d58   0x00000088   Code   RO         2068    i.HAL_TIM_PWM_Stop  stm32f7xx_hal_tim.o
    0x08003de0   0x08003de0   0x00000002   Code   RO         1473    i.HAL_UART_ErrorCallback  stm32f7xx_hal_uart.o
    0x08003de2   0x08003de2   0x00000002   PAD
    0x08003de4   0x08003de4   0x0000015c   Code   RO         1476    i.HAL_UART_IRQHandler  stm32f7xx_hal_uart.o
    0x08003f40   0x08003f40   0x00000078   Code   RO         1477    i.HAL_UART_Init     stm32f7xx_hal_uart.o
    0x08003fb8   0x08003fb8   0x000000a0   Code   RO         4094    i.HAL_UART_MspInit  usart.o
    0x08004058   0x08004058   0x00000112   Code   RO         1480    i.HAL_UART_Receive  stm32f7xx_hal_uart.o
    0x0800416a   0x0800416a   0x00000002   Code   RO         1483    i.HAL_UART_RxCpltCallback  stm32f7xx_hal_uart.o
    0x0800416c   0x0800416c   0x00000002   Code   RO         1488    i.HAL_UART_TxCpltCallback  stm32f7xx_hal_uart.o
    0x0800416e   0x0800416e   0x00000004   Code   RO          351    i.HardFault_Handler  stm32f7xx_it.o
    0x08004172   0x08004172   0x00000002   PAD
    0x08004174   0x08004174   0x00000054   Code   RO         4618    i.IIC_Ack           myiic.o
    0x080041c8   0x080041c8   0x00000058   Code   RO         4619    i.IIC_Init          myiic.o
    0x08004220   0x08004220   0x00000054   Code   RO         4620    i.IIC_NAck          myiic.o
    0x08004274   0x08004274   0x0000006c   Code   RO         4621    i.IIC_Read_Byte     myiic.o
    0x080042e0   0x080042e0   0x0000007c   Code   RO         4622    i.IIC_Send_Byte     myiic.o
    0x0800435c   0x0800435c   0x00000054   Code   RO         4623    i.IIC_Start         myiic.o
    0x080043b0   0x080043b0   0x00000054   Code   RO         4624    i.IIC_Stop          myiic.o
    0x08004404   0x08004404   0x00000068   Code   RO         4625    i.IIC_Wait_Ack      myiic.o
    0x0800446c   0x0800446c   0x000000a8   Code   RO         4177    i.KEY_Init          key.o
    0x08004514   0x08004514   0x000000d0   Code   RO         4178    i.KEY_Scan          key.o
    0x080045e4   0x080045e4   0x00000048   Code   RO         4270    i.LCD_Clear         lcd.o
    0x0800462c   0x0800462c   0x00000198   Code   RO         4274    i.LCD_Display_Dir   lcd.o
    0x080047c4   0x080047c4   0x000000b0   Code   RO         4275    i.LCD_DrawLine      lcd.o
    0x08004874   0x08004874   0x0000003c   Code   RO         4276    i.LCD_DrawPoint     lcd.o
    0x080048b0   0x080048b0   0x00000098   Code   RO         4278    i.LCD_Draw_Circle   lcd.o
    0x08004948   0x08004948   0x00000130   Code   RO         4279    i.LCD_Fast_DrawPoint  lcd.o
    0x08004a78   0x08004a78   0x00000070   Code   RO         4280    i.LCD_Fill          lcd.o
    0x08004ae8   0x08004ae8   0x000026c8   Code   RO         4281    i.LCD_Init          lcd.o
    0x080071b0   0x080071b0   0x00000084   Code   RO         4282    i.LCD_MPU_Config    lcd.o
    0x08007234   0x08007234   0x00000016   Code   RO         4283    i.LCD_Pow           lcd.o
    0x0800724a   0x0800724a   0x00000002   PAD
    0x0800724c   0x0800724c   0x00000014   Code   RO         4284    i.LCD_RD_DATA       lcd.o
    0x08007260   0x08007260   0x00000050   Code   RO         4287    i.LCD_SSD_BackLightSet  lcd.o
    0x080072b0   0x080072b0   0x00000280   Code   RO         4288    i.LCD_Scan_Dir      lcd.o
    0x08007530   0x08007530   0x00000144   Code   RO         4289    i.LCD_SetCursor     lcd.o
    0x08007674   0x08007674   0x0000013c   Code   RO         4291    i.LCD_ShowChar      lcd.o
    0x080077b0   0x080077b0   0x00000094   Code   RO         4292    i.LCD_ShowNum       lcd.o
    0x08007844   0x08007844   0x00000066   Code   RO         4293    i.LCD_ShowString    lcd.o
    0x080078aa   0x080078aa   0x00000002   PAD
    0x080078ac   0x080078ac   0x00000018   Code   RO         4295    i.LCD_WR_DATA       lcd.o
    0x080078c4   0x080078c4   0x00000018   Code   RO         4296    i.LCD_WR_REG        lcd.o
    0x080078dc   0x080078dc   0x00000014   Code   RO         4298    i.LCD_WriteRAM_Prepare  lcd.o
    0x080078f0   0x080078f0   0x00000010   Code   RO         4299    i.LCD_WriteReg      lcd.o
    0x08007900   0x08007900   0x00000058   Code   RO         4153    i.LED_Init          led.o
    0x08007958   0x08007958   0x00000024   Code   RO         4503    i.LTDC_Clear        ltdc.o
    0x0800797c   0x0800797c   0x00000026   Code   RO         4504    i.LTDC_Clk_Set      ltdc.o
    0x080079a2   0x080079a2   0x00000002   PAD
    0x080079a4   0x080079a4   0x0000002c   Code   RO         4506    i.LTDC_Display_Dir  ltdc.o
    0x080079d0   0x080079d0   0x00000050   Code   RO         4507    i.LTDC_Draw_Point   ltdc.o
    0x08007a20   0x08007a20   0x00000148   Code   RO         4508    i.LTDC_Fill         ltdc.o
    0x08007b68   0x08007b68   0x000002a8   Code   RO         4509    i.LTDC_Init         ltdc.o
    0x08007e10   0x08007e10   0x0000007c   Code   RO         4510    i.LTDC_Layer_Parameter_Config  ltdc.o
    0x08007e8c   0x08007e8c   0x00000030   Code   RO         4512    i.LTDC_Layer_Window_Config  ltdc.o
    0x08007ebc   0x08007ebc   0x000000cc   Code   RO         4513    i.LTDC_PanelID_Read  ltdc.o
    0x08007f88   0x08007f88   0x0000000c   Code   RO         4515    i.LTDC_Select_Layer  ltdc.o
    0x08007f94   0x08007f94   0x00000212   Code   RO         3379    i.LTDC_SetConfig    stm32f7xx_hal_ltdc.o
    0x080081a6   0x080081a6   0x00000002   PAD
    0x080081a8   0x080081a8   0x00000054   Code   RO            4    i.Load_Drow_Dialog  main.o
    0x080081fc   0x080081fc   0x00000002   Code   RO          352    i.NMI_Handler       stm32f7xx_it.o
    0x080081fe   0x080081fe   0x00000002   PAD
    0x08008200   0x08008200   0x00000010   Code   RO          773    i.NVIC_GetPriorityGrouping  stm32f7xx_hal_cortex.o
    0x08008210   0x08008210   0x00000028   Code   RO          774    i.NVIC_SetPriority  stm32f7xx_hal_cortex.o
    0x08008238   0x08008238   0x000000d4   Code   RO         4984    i.OTT2001A_Init     ott2001a.o
    0x0800830c   0x0800830c   0x00000062   Code   RO         4985    i.OTT2001A_RD_Reg   ott2001a.o
    0x0800836e   0x0800836e   0x00000002   PAD
    0x08008370   0x08008370   0x000001d0   Code   RO         4986    i.OTT2001A_Scan     ott2001a.o
    0x08008540   0x08008540   0x0000001c   Code   RO         4987    i.OTT2001A_SensorControl  ott2001a.o
    0x0800855c   0x0800855c   0x0000005c   Code   RO         4988    i.OTT2001A_WR_Reg   ott2001a.o
    0x080085b8   0x080085b8   0x00000002   Code   RO          353    i.PendSV_Handler    stm32f7xx_it.o
    0x080085ba   0x080085ba   0x00000002   PAD
    0x080085bc   0x080085bc   0x0000009c   Code   RO         4043    i.SCB_EnableDCache  sys.o
    0x08008658   0x08008658   0x00000068   Code   RO         4211    i.SDRAM_Init        sdram.o
    0x080086c0   0x080086c0   0x00000054   Code   RO         4212    i.SDRAM_Initialization_Sequence  sdram.o
    0x08008714   0x08008714   0x00000048   Code   RO         4213    i.SDRAM_Send_Cmd    sdram.o
    0x0800875c   0x0800875c   0x00000002   Code   RO          354    i.SVC_Handler       stm32f7xx_it.o
    0x0800875e   0x0800875e   0x00000002   PAD
    0x08008760   0x08008760   0x000000b4   Code   RO         4044    i.Stm32_Clock_Init  sys.o
    0x08008814   0x08008814   0x00000008   Code   RO          355    i.SysTick_Handler   stm32f7xx_it.o
    0x0800881c   0x0800881c   0x00000064   Code   RO          422    i.SystemInit        system_stm32f7xx.o
    0x08008880   0x08008880   0x0000004c   Code   RO         5145    i.TIM3_PWM_Init     timer.o
    0x080088cc   0x080088cc   0x000000e4   Code   RO         2076    i.TIM_Base_SetConfig  stm32f7xx_hal_tim.o
    0x080089b0   0x080089b0   0x0000001c   Code   RO         2077    i.TIM_CCxChannelCmd  stm32f7xx_hal_tim.o
    0x080089cc   0x080089cc   0x00000074   Code   RO         2085    i.TIM_OC1_SetConfig  stm32f7xx_hal_tim.o
    0x08008a40   0x08008a40   0x0000007c   Code   RO         2086    i.TIM_OC2_SetConfig  stm32f7xx_hal_tim.o
    0x08008abc   0x08008abc   0x0000007c   Code   RO         2087    i.TIM_OC3_SetConfig  stm32f7xx_hal_tim.o
    0x08008b38   0x08008b38   0x00000064   Code   RO         2088    i.TIM_OC4_SetConfig  stm32f7xx_hal_tim.o
    0x08008b9c   0x08008b9c   0x00000058   Code   RO         2677    i.TIM_OC5_SetConfig  stm32f7xx_hal_tim_ex.o
    0x08008bf4   0x08008bf4   0x00000058   Code   RO         2678    i.TIM_OC6_SetConfig  stm32f7xx_hal_tim_ex.o
    0x08008c4c   0x08008c4c   0x000001a8   Code   RO         5036    i.TP_Adj_Info_Show  touch.o
    0x08008df4   0x08008df4   0x00000750   Code   RO         5037    i.TP_Adjust         touch.o
    0x08009544   0x08009544   0x0000003c   Code   RO         5038    i.TP_Draw_Big_Point  touch.o
    0x08009580   0x08009580   0x00000070   Code   RO         5039    i.TP_Drow_Touch_Point  touch.o
    0x080095f0   0x080095f0   0x000000b4   Code   RO         5040    i.TP_Get_Adjdata    touch.o
    0x080096a4   0x080096a4   0x000001ec   Code   RO         5041    i.TP_Init           touch.o
    0x08009890   0x08009890   0x000000b8   Code   RO         5042    i.TP_Read_AD        touch.o
    0x08009948   0x08009948   0x00000078   Code   RO         5043    i.TP_Read_XOY       touch.o
    0x080099c0   0x080099c0   0x00000030   Code   RO         5044    i.TP_Read_XY        touch.o
    0x080099f0   0x080099f0   0x000000c0   Code   RO         5045    i.TP_Read_XY2       touch.o
    0x08009ab0   0x08009ab0   0x00000080   Code   RO         5046    i.TP_Save_Adjdata   touch.o
    0x08009b30   0x08009b30   0x000000f8   Code   RO         5047    i.TP_Scan           touch.o
    0x08009c28   0x08009c28   0x00000058   Code   RO         5048    i.TP_Write_Byte     touch.o
    0x08009c80   0x08009c80   0x000000ea   Code   RO         1490    i.UART_AdvFeatureConfig  stm32f7xx_hal_uart.o
    0x08009d6a   0x08009d6a   0x00000074   Code   RO         1491    i.UART_CheckIdleState  stm32f7xx_hal_uart.o
    0x08009dde   0x08009dde   0x00000018   Code   RO         1492    i.UART_DMAAbortOnError  stm32f7xx_hal_uart.o
    0x08009df6   0x08009df6   0x00000020   Code   RO         1498    i.UART_EndRxTransfer  stm32f7xx_hal_uart.o
    0x08009e16   0x08009e16   0x00000020   Code   RO         1499    i.UART_EndTransmit_IT  stm32f7xx_hal_uart.o
    0x08009e36   0x08009e36   0x00000088   Code   RO         1501    i.UART_Receive_IT   stm32f7xx_hal_uart.o
    0x08009ebe   0x08009ebe   0x00000002   PAD
    0x08009ec0   0x08009ec0   0x0000038c   Code   RO         1502    i.UART_SetConfig    stm32f7xx_hal_uart.o
    0x0800a24c   0x0800a24c   0x0000006a   Code   RO         1503    i.UART_Transmit_IT  stm32f7xx_hal_uart.o
    0x0800a2b6   0x0800a2b6   0x0000006c   Code   RO         1504    i.UART_WaitOnFlagUntilTimeout  stm32f7xx_hal_uart.o
    0x0800a322   0x0800a322   0x00000002   PAD
    0x0800a324   0x0800a324   0x000000a0   Code   RO         4095    i.USART1_IRQHandler  usart.o
    0x0800a3c4   0x0800a3c4   0x00000004   Code   RO          356    i.UsageFault_Handler  stm32f7xx_it.o
    0x0800a3c8   0x0800a3c8   0x00000066   Code   RO         5257    i.__hardfp_sqrt     m_wv.l(sqrt.o)
    0x0800a42e   0x0800a42e   0x0000000e   Code   RO         5235    i._is_digit         c_w.l(__printf_wp.o)
    0x0800a43c   0x0800a43c   0x00000004   Code   RO         4096    i._sys_exit         usart.o
    0x0800a440   0x0800a440   0x00000170   Code   RO            5    i.ctp_test          main.o
    0x0800a5b0   0x0800a5b0   0x00000014   Code   RO         4001    i.delay_init        delay.o
    0x0800a5c4   0x0800a5c4   0x00000018   Code   RO         4002    i.delay_ms          delay.o
    0x0800a5dc   0x0800a5dc   0x00000048   Code   RO         4003    i.delay_us          delay.o
    0x0800a624   0x0800a624   0x0000001c   Code   RO         4097    i.fputc             usart.o
    0x0800a640   0x0800a640   0x00000024   Code   RO            6    i.gui_draw_hline    main.o
    0x0800a664   0x0800a664   0x000000b0   Code   RO            7    i.gui_fill_circle   main.o
    0x0800a714   0x0800a714   0x000000d4   Code   RO            8    i.lcd_draw_bline    main.o
    0x0800a7e8   0x0800a7e8   0x00000158   Code   RO            9    i.main              main.o
    0x0800a940   0x0800a940   0x000000a8   Code   RO           11    i.rtp_test          main.o
    0x0800a9e8   0x0800a9e8   0x0000002c   Code   RO         4098    i.uart_init         usart.o
    0x0800aa14   0x0800aa14   0x0000000a   Code   RO         5381    x$fpl$fpinit        fz_wv.l(fpinit.o)
    0x0800aa1e   0x0800aa1e   0x00000000   Code   RO         5285    x$fpl$usenofp       fz_wv.l(usenofp.o)
    0x0800aa1e   0x0800aa1e   0x00000014   Data   RO           13    .constdata          main.o
    0x0800aa32   0x0800aa32   0x00000018   Data   RO          423    .constdata          system_stm32f7xx.o
    0x0800aa4a   0x0800aa4a   0x00004740   Data   RO         4302    .constdata          lcd.o
    0x0800f18a   0x0800f18a   0x00000014   Data   RO         4835    .constdata          ft5206.o
    0x0800f19e   0x0800f19e   0x000000c2   Data   RO         4885    .constdata          gt9147.o
    0x0800f260   0x0800f260   0x000000ce   Data   RO         4937    .constdata          gt9271.o
    0x0800f32e   0x0800f32e   0x0000000a   Data   RO         4989    .constdata          ott2001a.o
    0x0800f338   0x0800f338   0x00000004   Data   RO         5049    .constdata          touch.o
    0x0800f33c   0x0800f33c   0x00000028   Data   RO         5208    .constdata          c_w.l(_printf_hex_int.o)
    0x0800f364   0x0800f364   0x00000011   Data   RO         5238    .constdata          c_w.l(__printf_flags_wp.o)
    0x0800f375   0x0800f375   0x00000003   PAD
    0x0800f378   0x0800f378   0x00000079   Data   RO         5050    .conststring        touch.o
    0x0800f3f1   0x0800f3f1   0x00000003   PAD
    0x0800f3f4   0x0800f3f4   0x00000020   Data   RO         5444    Region$$Table       anon$$obj.o


    Execution Region RW_IRAM1 (Exec base: 0x20020000, Load base: 0x0800f414, Size: 0x00000a28, Max: 0x00060000, ABSOLUTE)

    Exec Addr    Load Addr    Size         Type   Attr      Idx    E Section Name        Object

    0x20020000   0x0800f414   0x00000004   Data   RW          424    .data               system_stm32f7xx.o
    0x20020004   0x0800f418   0x00000004   Data   RW          611    .data               stm32f7xx_hal.o
    0x20020008   0x0800f41c   0x00000004   Data   RW         4004    .data               delay.o
    0x2002000c   0x0800f420   0x00000007   Data   RW         4100    .data               usart.o
    0x20020013   0x0800f427   0x00000001   Data   RW         4179    .data               key.o
    0x20020014   0x0800f428   0x00000008   Data   RW         4303    .data               lcd.o
    0x2002001c   0x0800f430   0x00000008   Data   RW         4519    .data               ltdc.o
    0x20020024   0x0800f438   0x00000007   Data   RW         4836    .data               ft5206.o
    0x2002002b   0x0800f43f   0x00000001   Data   RW         4886    .data               gt9147.o
    0x2002002c   0x0800f440   0x00000001   Data   RW         4938    .data               gt9271.o
    0x2002002d   0x0800f441   0x00000001   Data   RW         4990    .data               ott2001a.o
    0x2002002e   0x0800f442   0x00000002   PAD
    0x20020030   0x0800f444   0x0000004a   Data   RW         5051    .data               touch.o
    0x2002007a   0x0800f48e   0x00000002   PAD
    0x2002007c        -       0x0000000c   Zero   RW           12    .bss                main.o
    0x20020088        -       0x00000138   Zero   RW         4099    .bss                usart.o
    0x200201c0        -       0x00000034   Zero   RW         4214    .bss                sdram.o
    0x200201f4        -       0x0000005a   Zero   RW         4301    .bss                lcd.o
    0x2002024e   0x0800f48e   0x00000002   PAD
    0x20020250        -       0x00000120   Zero   RW         4518    .bss                ltdc.o
    0x20020370        -       0x00000058   Zero   RW         5147    .bss                timer.o
    0x200203c8        -       0x00000060   Zero   RW         5313    .bss                c_w.l(libspace.o)
    0x20020428        -       0x00000200   Zero   RW          577    HEAP                startup_stm32f767xx.o
    0x20020628        -       0x00000400   Zero   RW          576    STACK               startup_stm32f767xx.o



  Load Region LR$$.ARM.__AT_0xC0000000 (Base: 0xc0000000, Size: 0x00000000, Max: 0x001f4000, ABSOLUTE)

    Execution Region ER$$.ARM.__AT_0xC0000000 (Exec base: 0xc0000000, Load base: 0xc0000000, Size: 0x001f4000, Max: 0x001f4000, ABSOLUTE, UNINIT)

    Exec Addr    Load Addr    Size         Type   Attr      Idx    E Section Name        Object

    0xc0000000        -       0x001f4000   Zero   RW         4517    .ARM.__AT_0xC0000000  ltdc.o


==============================================================================

Image component sizes


      Code (inc. data)   RO Data    RW Data    ZI Data      Debug   Object Name

       262          0          0          0          0       3081   24cxx.o
       646         76          0          0          0       5361   ctiic.o
       116          8          0          4          0       1899   delay.o
      1434         74         20          7          0       4097   ft5206.o
      1394         78        194          1          0       4686   gt9147.o
      1158         82        206          1          0       4578   gt9271.o
       376         34          0          1          0       1674   key.o
     13232        224      18240          8         90      29916   lcd.o
        88         10          0          0          0        851   led.o
      1914        130          0          8    2048288       9682   ltdc.o
      1388        162         20          0         12     466721   main.o
       760         52          0          0          0       4834   myiic.o
       894         60         10          1          0       4211   ott2001a.o
       544         44          0          0         52       3450   sdram.o
        64         26        504          0       1536        828   startup_stm32f767xx.o
       110         20          0          4          0       3689   stm32f7xx_hal.o
       430         26          0          0          0      37352   stm32f7xx_hal_cortex.o
        40          0          0          0          0       1127   stm32f7xx_hal_dma.o
       572         52          0          0          0       3676   stm32f7xx_hal_gpio.o
      1144          6          0          0          0       4525   stm32f7xx_hal_ltdc.o
       144          8          0          0          0       1268   stm32f7xx_hal_pwr_ex.o
       716         50          0          0          0       4000   stm32f7xx_hal_rcc.o
      3664         32          0          0          0       3684   stm32f7xx_hal_rcc_ex.o
       162          0          0          0          0       2648   stm32f7xx_hal_sdram.o
        88          0          0          0          0       1164   stm32f7xx_hal_sram.o
       984        114          0          0          0       6975   stm32f7xx_hal_tim.o
       548         26          0          0          0       2800   stm32f7xx_hal_tim_ex.o
      2444         54          0          0          0      11431   stm32f7xx_hal_uart.o
        28          0          0          0          0       3566   stm32f7xx_it.o
       662         14          0          0          0       5724   stm32f7xx_ll_fmc.o
       456         26          0          0          0      33929   sys.o
       100         18         24          4          0       1079   system_stm32f7xx.o
       184         24          0          0         88       1873   timer.o
      4148        284        125         74          0      11569   touch.o
       396         42          0          7        312       4779   usart.o

    ----------------------------------------------------------------------
     41330       1856      19378        124    2050380     692727   Object Totals
         0          0         32          0          0          0   (incl. Generated)
        40          0          3          4          2          0   (incl. Padding)

    ----------------------------------------------------------------------

      Code (inc. data)   RO Data    RW Data    ZI Data      Debug   Library Member Name

         8          0          0          0          0         68   __main.o
       312          4         17          0          0         92   __printf_flags_wp.o
        14          0          0          0          0         68   __printf_wp.o
         0          0          0          0          0          0   __rtentry.o
        12          0          0          0          0          0   __rtentry2.o
         6          0          0          0          0          0   __rtentry4.o
        52          8          0          0          0          0   __scatter.o
        26          0          0          0          0          0   __scatter_copy.o
        28          0          0          0          0          0   __scatter_zi.o
        44          0          0          0          0        108   _printf_char.o
        48          6          0          0          0         96   _printf_char_common.o
        36          4          0          0          0         80   _printf_char_file.o
         6          0          0          0          0          0   _printf_d.o
       120         16          0          0          0         92   _printf_dec.o
        88          4         40          0          0         88   _printf_hex_int.o
       178          0          0          0          0         88   _printf_intcommon.o
        78          0          0          0          0        108   _printf_pad.o
         0          0          0          0          0          0   _printf_percent.o
         4          0          0          0          0          0   _printf_percent_end.o
         6          0          0          0          0          0   _printf_s.o
        82          0          0          0          0         80   _printf_str.o
         6          0          0          0          0          0   _printf_x.o
        22          0          0          0          0        100   _rserrno.o
        10          0          0          0          0         68   _sputc.o
        12          0          0          0          0         72   exit.o
         8          0          0          0          0         68   ferror.o
         6          0          0          0          0        152   heapauxi.o
         2          0          0          0          0          0   libinit.o
         6          0          0          0          0          0   libinit2.o
         2          0          0          0          0          0   libshutdown.o
         2          0          0          0          0          0   libshutdown2.o
         8          4          0          0         96         68   libspace.o
        24          4          0          0          0         84   noretval__2printf.o
        40          6          0          0          0         84   noretval__2sprintf.o
         8          4          0          0          0         68   rt_errno_addr_intlibspace.o
       100          0          0          0          0         80   rt_memcpy_w.o
         2          0          0          0          0          0   rtexit.o
        10          0          0          0          0          0   rtexit2.o
       104          0          0          0          0         68   strcmpv7m_pel.o
        74          0          0          0          0         80   sys_stackheap_outer.o
         2          0          0          0          0         68   use_no_semi.o
         2          0          0          0          0         68   use_no_semi_2.o
        10          0          0          0          0        116   fpinit.o
         0          0          0          0          0          0   usenofp.o
       102          0          0          0          0        140   sqrt.o

    ----------------------------------------------------------------------
      1716         60         60          0         96       2352   Library Totals
         6          0          3          0          0          0   (incl. Padding)

    ----------------------------------------------------------------------

      Code (inc. data)   RO Data    RW Data    ZI Data      Debug   Library Name

      1598         60         57          0         96       2096   c_w.l
        10          0          0          0          0        116   fz_wv.l
       102          0          0          0          0        140   m_wv.l

    ----------------------------------------------------------------------
      1716         60         60          0         96       2352   Library Totals

    ----------------------------------------------------------------------

==============================================================================


      Code (inc. data)   RO Data    RW Data    ZI Data      Debug   

     43046       1916      19438        124    2050476     675587   Grand Totals
     43046       1916      19438        124    2050476     675587   ELF Image Totals
     43046       1916      19438        124          0          0   ROM Totals

==============================================================================

    Total RO  Size (Code + RO Data)                62484 (  61.02kB)
    Total RW  Size (RW Data + ZI Data)           2050600 (2002.54kB)
    Total ROM Size (Code + RO Data + RW Data)      62608 (  61.14kB)

==============================================================================

